in: uci
out: id name Skaks
out: id author G Portella
out: option name Ponder type check default true
out: option name Threads type spin default 14 min 1 max 14
out: uciok
in: isready
out: readyok
in: uci
out: id name Skaks
out: id author G Portella
out: option name Ponder type check default true
out: option name Threads type spin default 4 min 1 max 14
out: uciok
in: isready
out: readyok
in: ucinewgame
in: position startpos
in: go depth 4
out: info depth 0 seldepth 0 score cp 0 time 0 nodes 0 nps 0 pv g1f3 (book)
out: bestmove g1f3
in: ucinewgame
in: position startpos moves g1f3
in: go depth 1
out: info depth 0 seldepth 0 score cp 0 time 0 nodes 0 nps 0 pv f7f5 (book)
out: bestmove f7f5
in: ucinewgame
in: position startpos moves g1f3 f7f5
in: go depth 4
out: info depth 0 seldepth 0 score cp 0 time 0 nodes 0 nps 0 pv e2e4 (book)
out: bestmove e2e4
in: ucinewgame
in: position startpos moves g1f3 f7f5 e2e4
in: go depth 1
out: info depth 0 seldepth 0 score cp 0 time 0 nodes 0 nps 0 pv e7e5 (book)
out: bestmove e7e5
in: ucinewgame
in: position startpos moves g1f3 f7f5 e2e4 e7e5
in: go depth 4
out: info depth 0 seldepth 0 score cp 0 time 0 nodes 0 nps 0 pv d2d4 (book)
out: bestmove d2d4
in: ucinewgame
in: position startpos moves g1f3 f7f5 e2e4 e7e5 d2d4
in: go depth 1
out: info depth 0 seldepth 0 score cp 0 time 0 nodes 0 nps 0 pv d7d6 (book)
out: bestmove d7d6
in: ucinewgame
in: position startpos moves g1f3 f7f5 e2e4 e7e5 d2d4 d7d6
in: go depth 4
out: info depth 0 seldepth 0 score cp 0 time 0 nodes 0 nps 0 pv b1c3 (book)
out: bestmove b1c3
in: ucinewgame
in: position startpos moves g1f3 f7f5 e2e4 e7e5 d2d4 d7d6 b1c3
in: go depth 1
out: info depth 0 seldepth 0 score cp 0 time 0 nodes 0 nps 0 pv f5e4 (book)
out: bestmove f5e4
in: ucinewgame
in: position startpos moves g1f3 f7f5 e2e4 e7e5 d2d4 d7d6 b1c3 f5e4
in: go depth 4
out: info depth 0 seldepth 0 score cp 0 time 0 nodes 0 nps 0 pv c3e4 (book)
out: bestmove c3e4
in: ucinewgame
in: position startpos moves g1f3 f7f5 e2e4 e7e5 d2d4 d7d6 b1c3 f5e4 c3e4
in: go depth 1
out: info depth 0 seldepth 0 score cp 0 time 0 nodes 0 nps 0 pv d6d5 (book)
out: bestmove d6d5
in: ucinewgame
in: position startpos moves g1f3 f7f5 e2e4 e7e5 d2d4 d7d6 b1c3 f5e4 c3e4 d6d5
in: go depth 4
out: info depth 0 seldepth 0 score cp 0 time 0 nodes 0 nps 0 pv e4g5 (book)
out: bestmove e4g5
in: ucinewgame
in: position startpos moves g1f3 f7f5 e2e4 e7e5 d2d4 d7d6 b1c3 f5e4 c3e4 d6d5 e4g5
in: go depth 1
out: info depth 1 seldepth 1 score cp 340 time 1 nodes 70 nps 70000 pv b8c6
out: bestmove b8c6
in: ucinewgame
in: position startpos moves g1f3 f7f5 e2e4 e7e5 d2d4 d7d6 b1c3 f5e4 c3e4 d6d5 e4g5 b8c6
in: go depth 4
out: info depth 3 seldepth 3 score cp 576 time 8 nodes 3284 nps 410500 pv g5h7 h8h7 f1d3
out: bestmove g5h7 ponder h8h7
in: ucinewgame
in: position startpos moves g1f3 f7f5 e2e4 e7e5 d2d4 d7d6 b1c3 f5e4 c3e4 d6d5 e4g5 b8c6 g5h7
in: go depth 1
out: info depth 1 seldepth 1 score cp 251 time 1 nodes 76 nps 76000 pv c8g4
out: bestmove c8g4
in: ucinewgame
in: position startpos moves g1f3 f7f5 e2e4 e7e5 d2d4 d7d6 b1c3 f5e4 c3e4 d6d5 e4g5 b8c6 g5h7 c8g4
in: go depth 4
out: info depth 3 seldepth 3 score cp 654 time 10 nodes 4317 nps 431700 pv h7f8 e8f8 c1g5
out: bestmove h7f8 ponder e8f8
in: ucinewgame
in: position startpos moves g1f3 f7f5 e2e4 e7e5 d2d4 d7d6 b1c3 f5e4 c3e4 d6d5 e4g5 b8c6 g5h7 c8g4 h7f8
in: go depth 1
out: info depth 1 seldepth 1 score cp 33 time 1 nodes 85 nps 85000 pv g4f3
out: bestmove g4f3
in: ucinewgame
in: position startpos moves g1f3 f7f5 e2e4 e7e5 d2d4 d7d6 b1c3 f5e4 c3e4 d6d5 e4g5 b8c6 g5h7 c8g4 h7f8 g4f3
in: go depth 4
out: info depth 1 seldepth 1 score cp 810 time 6 nodes 1947 nps 324500 pv d1f3
out: bestmove d1f3
in: ucinewgame
in: position startpos moves g1f3 f7f5 e2e4 e7e5 d2d4 d7d6 b1c3 f5e4 c3e4 d6d5 e4g5 b8c6 g5h7 c8g4 h7f8 g4f3 d1f3
in: go depth 1
out: info depth 1 seldepth 1 score cp 216 time 1 nodes 67 nps 67000 pv c6d4
out: bestmove c6d4
in: ucinewgame
in: position startpos moves g1f3 f7f5 e2e4 e7e5 d2d4 d7d6 b1c3 f5e4 c3e4 d6d5 e4g5 b8c6 g5h7 c8g4 h7f8 g4f3 d1f3 c6d4
in: go depth 4
out: info depth 1 seldepth 1 score cp 636 time 7 nodes 2534 nps 362000 pv f8g6
out: bestmove f8g6
in: ucinewgame
in: position startpos moves g1f3 f7f5 e2e4 e7e5 d2d4 d7d6 b1c3 f5e4 c3e4 d6d5 e4g5 b8c6 g5h7 c8g4 h7f8 g4f3 d1f3 c6d4 f8g6
in: go depth 1
out: info depth 1 seldepth 1 score cp 198 time 1 nodes 77 nps 77000 pv d4f3 g2f3
out: bestmove d4f3 ponder g2f3
in: ucinewgame
in: position startpos moves g1f3 f7f5 e2e4 e7e5 d2d4 d7d6 b1c3 f5e4 c3e4 d6d5 e4g5 b8c6 g5h7 c8g4 h7f8 g4f3 d1f3 c6d4 f8g6 d4f3
in: go depth 4
out: info depth 3 seldepth 3 score cp 209 time 3 nodes 966 nps 322000 pv g2f3 h8h7 c1e3
out: bestmove g2f3 ponder h8h7
in: ucinewgame
in: position startpos moves g1f3 f7f5 e2e4 e7e5 d2d4 d7d6 b1c3 f5e4 c3e4 d6d5 e4g5 b8c6 g5h7 c8g4 h7f8 g4f3 d1f3 c6d4 f8g6 d4f3 g2f3
in: go depth 1
out: info depth 1 seldepth 1 score cp -102 time 1 nodes 59 nps 59000 pv e8f7
out: bestmove e8f7
in: ucinewgame
in: position startpos moves g1f3 f7f5 e2e4 e7e5 d2d4 d7d6 b1c3 f5e4 c3e4 d6d5 e4g5 b8c6 g5h7 c8g4 h7f8 g4f3 d1f3 c6d4 f8g6 d4f3 g2f3 e8f7
in: go depth 4
out: info depth 3 seldepth 3 score cp 456 time 2 nodes 588 nps 294000 pv g6h8 f7e7 c1e3
out: bestmove g6h8 ponder f7e7
in: ucinewgame
in: position startpos moves g1f3 f7f5 e2e4 e7e5 d2d4 d7d6 b1c3 f5e4 c3e4 d6d5 e4g5 b8c6 g5h7 c8g4 h7f8 g4f3 d1f3 c6d4 f8g6 d4f3 g2f3 e8f7 g6h8
in: go depth 1
out: info depth 1 seldepth 1 score cp 296 time 1 nodes 11 nps 11000 pv f7e7
out: bestmove f7e7
in: ucinewgame
in: position startpos moves g1f3 f7f5 e2e4 e7e5 d2d4 d7d6 b1c3 f5e4 c3e4 d6d5 e4g5 b8c6 g5h7 c8g4 h7f8 g4f3 d1f3 c6d4 f8g6 d4f3 g2f3 e8f7 g6h8 f7e7
in: go depth 4
out: info depth 3 seldepth 3 score cp 569 time 2 nodes 773 nps 386500 pv h8g6 e7f7 f1d3
out: bestmove h8g6 ponder e7f7
in: ucinewgame
in: position startpos moves g1f3 f7f5 e2e4 e7e5 d2d4 d7d6 b1c3 f5e4 c3e4 d6d5 e4g5 b8c6 g5h7 c8g4 h7f8 g4f3 d1f3 c6d4 f8g6 d4f3 g2f3 e8f7 g6h8 f7e7 h8g6
in: go depth 1
out: info depth 1 seldepth 1 score cp 294 time 1 nodes 13 nps 13000 pv e7f6
out: bestmove e7f6
in: ucinewgame
in: position startpos moves g1f3 f7f5 e2e4 e7e5 d2d4 d7d6 b1c3 f5e4 c3e4 d6d5 e4g5 b8c6 g5h7 c8g4 h7f8 g4f3 d1f3 c6d4 f8g6 d4f3 g2f3 e8f7 g6h8 f7e7 h8g6 e7f6
in: go depth 4
out: info depth 3 seldepth 3 score cp 573 time 3 nodes 967 nps 322333 pv h1g1 g8e7 g6e7
out: bestmove h1g1 ponder g8e7
in: ucinewgame
in: position startpos moves g1f3 f7f5 e2e4 e7e5 d2d4 d7d6 b1c3 f5e4 c3e4 d6d5 e4g5 b8c6 g5h7 c8g4 h7f8 g4f3 d1f3 c6d4 f8g6 d4f3 g2f3 e8f7 g6h8 f7e7 h8g6 e7f6 h1g1
in: go depth 1
out: info depth 1 seldepth 1 score cp 404 time 1 nodes 45 nps 45000 pv d8e8
out: bestmove d8e8
in: ucinewgame
in: position startpos moves g1f3 f7f5 e2e4 e7e5 d2d4 d7d6 b1c3 f5e4 c3e4 d6d5 e4g5 b8c6 g5h7 c8g4 h7f8 g4f3 d1f3 c6d4 f8g6 d4f3 g2f3 e8f7 g6h8 f7e7 h8g6 e7f6 h1g1 d8e8
in: go depth 4
out: info depth 3 seldepth 3 score cp 612 time 5 nodes 851 nps 170200 pv c1e3 e8g6 g1g6 f6g6
out: bestmove c1e3 ponder e8g6
in: ucinewgame
in: position startpos moves g1f3 f7f5 e2e4 e7e5 d2d4 d7d6 b1c3 f5e4 c3e4 d6d5 e4g5 b8c6 g5h7 c8g4 h7f8 g4f3 d1f3 c6d4 f8g6 d4f3 g2f3 e8f7 g6h8 f7e7 h8g6 e7f6 h1g1 d8e8 c1e3
in: go depth 1
out: info depth 1 seldepth 1 score cp 408 time 1 nodes 57 nps 57000 pv e8g6
out: bestmove e8g6
in: ucinewgame
in: position startpos moves g1f3 f7f5 e2e4 e7e5 d2d4 d7d6 b1c3 f5e4 c3e4 d6d5 e4g5 b8c6 g5h7 c8g4 h7f8 g4f3 d1f3 c6d4 f8g6 d4f3 g2f3 e8f7 g6h8 f7e7 h8g6 e7f6 h1g1 d8e8 c1e3 e8g6
in: go depth 4
out: info depth 3 seldepth 3 score cp 790 time 3 nodes 679 nps 226333 pv g1g6 f6g6 e1c1
out: bestmove g1g6 ponder f6g6
in: ucinewgame
in: position startpos moves g1f3 f7f5 e2e4 e7e5 d2d4 d7d6 b1c3 f5e4 c3e4 d6d5 e4g5 b8c6 g5h7 c8g4 h7f8 g4f3 d1f3 c6d4 f8g6 d4f3 g2f3 e8f7 g6h8 f7e7 h8g6 e7f6 h1g1 d8e8 c1e3 e8g6 g1g6
in: go depth 1
out: info depth 1 seldepth 1 score cp 612 time 1 nodes 9 nps 9000 pv f6g6
out: bestmove f6g6
in: ucinewgame
in: position startpos moves g1f3 f7f5 e2e4 e7e5 d2d4 d7d6 b1c3 f5e4 c3e4 d6d5 e4g5 b8c6 g5h7 c8g4 h7f8 g4f3 d1f3 c6d4 f8g6 d4f3 g2f3 e8f7 g6h8 f7e7 h8g6 e7f6 h1g1 d8e8 c1e3 e8g6 g1g6 f6g6
in: go depth 4
out: info depth 3 seldepth 3 score cp 841 time 2 nodes 613 nps 306500 pv f1d3 e5e4 f3e4
out: bestmove f1d3 ponder e5e4
in: ucinewgame
in: position startpos moves g1f3 f7f5 e2e4 e7e5 d2d4 d7d6 b1c3 f5e4 c3e4 d6d5 e4g5 b8c6 g5h7 c8g4 h7f8 g4f3 d1f3 c6d4 f8g6 d4f3 g2f3 e8f7 g6h8 f7e7 h8g6 e7f6 h1g1 d8e8 c1e3 e8g6 g1g6 f6g6 f1d3
in: go depth 1
out: info depth 1 seldepth 1 score cp 664 time 1 nodes 9 nps 9000 pv e5e4
out: bestmove e5e4
in: ucinewgame
in: position startpos moves g1f3 f7f5 e2e4 e7e5 d2d4 d7d6 b1c3 f5e4 c3e4 d6d5 e4g5 b8c6 g5h7 c8g4 h7f8 g4f3 d1f3 c6d4 f8g6 d4f3 g2f3 e8f7 g6h8 f7e7 h8g6 e7f6 h1g1 d8e8 c1e3 e8g6 g1g6 f6g6 f1d3 e5e4
in: go depth 4
out: info depth 1 seldepth 1 score cp 841 time 2 nodes 854 nps 427000 pv f3e4
out: bestmove f3e4
in: ucinewgame
in: position startpos moves g1f3 f7f5 e2e4 e7e5 d2d4 d7d6 b1c3 f5e4 c3e4 d6d5 e4g5 b8c6 g5h7 c8g4 h7f8 g4f3 d1f3 c6d4 f8g6 d4f3 g2f3 e8f7 g6h8 f7e7 h8g6 e7f6 h1g1 d8e8 c1e3 e8g6 g1g6 f6g6 f1d3 e5e4 f3e4
in: go depth 1
out: info depth 1 seldepth 1 score cp 619 time 1 nodes 41 nps 41000 pv g8f6
out: bestmove g8f6
in: ucinewgame
in: position startpos moves g1f3 f7f5 e2e4 e7e5 d2d4 d7d6 b1c3 f5e4 c3e4 d6d5 e4g5 b8c6 g5h7 c8g4 h7f8 g4f3 d1f3 c6d4 f8g6 d4f3 g2f3 e8f7 g6h8 f7e7 h8g6 e7f6 h1g1 d8e8 c1e3 e8g6 g1g6 f6g6 f1d3 e5e4 f3e4 g8f6
in: go depth 4
out: info depth 3 seldepth 3 score cp 911 time 2 nodes 767 nps 383500 pv e4e5 f6e4 e1c1
out: bestmove e4e5 ponder f6e4
in: ucinewgame
in: position startpos moves g1f3 f7f5 e2e4 e7e5 d2d4 d7d6 b1c3 f5e4 c3e4 d6d5 e4g5 b8c6 g5h7 c8g4 h7f8 g4f3 d1f3 c6d4 f8g6 d4f3 g2f3 e8f7 g6h8 f7e7 h8g6 e7f6 h1g1 d8e8 c1e3 e8g6 g1g6 f6g6 f1d3 e5e4 f3e4 g8f6 e4e5
in: go depth 1
out: info depth 1 seldepth 1 score cp 741 time 1 nodes 7 nps 7000 pv g6f7
out: bestmove g6f7
in: ucinewgame
in: position startpos moves g1f3 f7f5 e2e4 e7e5 d2d4 d7d6 b1c3 f5e4 c3e4 d6d5 e4g5 b8c6 g5h7 c8g4 h7f8 g4f3 d1f3 c6d4 f8g6 d4f3 g2f3 e8f7 g6h8 f7e7 h8g6 e7f6 h1g1 d8e8 c1e3 e8g6 g1g6 f6g6 f1d3 e5e4 f3e4 g8f6 e4e5 g6f7
in: go depth 4
in: quit
