Running 20 games (depth=None, limit=200, concurrency=4)
Database: disabled (no SQLite persistence)
[1/20] OK   game=1 result=1/2-1/2 winner=draw       time= 11.24s
--- stdout ---
Turn 1: skaks plays g1f3
Turn 2: sunfish plays b8c6
Turn 3: skaks plays d2d4
Turn 4: sunfish plays d7d5
Turn 5: skaks plays c2c4
Turn 6: sunfish plays d5c4
Turn 7: skaks plays d4d5
Turn 8: sunfish plays c6b4
Turn 9: skaks plays d1a4
Turn 10: sunfish plays c7c6
Turn 11: skaks plays a4b4
Turn 12: sunfish plays c6d5
Turn 13: skaks plays c1f4
Turn 14: sunfish plays e7e5
Turn 15: skaks plays b4b5
Turn 16: sunfish plays c8d7
Turn 17: skaks plays b5b7
Turn 18: sunfish plays e5f4
Turn 19: skaks plays b1c3
Turn 20: sunfish plays a8b8
Turn 21: skaks plays b7a7
Turn 22: sunfish plays b8b2
Turn 23: skaks plays c3d5
Turn 24: sunfish plays f8d6
Turn 25: skaks plays a7d4
Turn 26: sunfish plays d8a5
Turn 27: skaks plays d5c3
Turn 28: sunfish plays b2c2
Turn 29: skaks plays d4g7
Turn 30: sunfish plays a5c3
Turn 31: skaks plays g7c3
Turn 32: sunfish plays c2c3
Turn 33: skaks plays e1d2
Turn 34: sunfish plays c3f3
Turn 35: skaks plays e2f3
Turn 36: sunfish plays g8f6
Turn 37: skaks plays f1c4
Turn 38: sunfish plays e8g8
Turn 39: skaks plays a1e1
Turn 40: sunfish plays f8e8
Turn 41: skaks plays c4f7
Turn 42: sunfish plays g8f7
Turn 43: skaks plays e1e8
Turn 44: sunfish plays f7e8
Turn 45: skaks plays h1b1
Turn 46: sunfish plays f6e4
Turn 47: skaks plays f3e4
Turn 48: sunfish plays f4f3
Turn 49: skaks plays g2f3
Turn 50: sunfish plays d6h2
Turn 51: skaks plays b1h1
Turn 52: sunfish plays h2g3
Turn 53: skaks plays h1h7
Turn 54: sunfish plays g3f2
Turn 55: skaks plays h7d7
Turn 56: sunfish plays e8d7
Turn 57: skaks plays d2e2
Turn 58: sunfish plays f2g3
Turn 59: skaks plays e2d2
Turn 60: sunfish plays d7d8
Turn 61: skaks plays d2c3
Turn 62: sunfish plays g3f2
Turn 63: skaks plays e4e5
Turn 64: sunfish plays f2e3
Turn 65: skaks plays c3d3
Turn 66: sunfish plays e3f2
Turn 67: skaks plays d3e2
Turn 68: sunfish plays f2g3
Turn 69: skaks plays e2d3
Turn 70: sunfish plays g3e5
Turn 71: skaks plays d3e4
Turn 72: sunfish plays e5g3
Turn 73: skaks plays e4d3
Turn 74: sunfish plays g3f2
Turn 75: skaks plays d3e2
Turn 76: sunfish plays f2g3
Turn 77: skaks plays e2d3
Turn 78: sunfish plays g3f2
Turn 79: skaks plays d3e2
Turn 80: sunfish plays f2g3
Turn 81: skaks plays e2d2
Turn 82: sunfish plays g3f2
Turn 83: skaks plays d2c3
Turn 84: sunfish plays f2e3
Turn 85: skaks plays c3d3
Turn 86: sunfish plays e3f2
Turn 87: skaks plays a2a3
Turn 88: sunfish plays f2g3
Turn 89: skaks plays d3c3
Turn 90: sunfish plays g3f2
Turn 91: skaks plays c3b3
Turn 92: sunfish plays f2e3
Turn 93: skaks plays b3c3
Turn 94: sunfish plays e3f2
Turn 95: skaks plays c3b3
Turn 96: sunfish plays f2e3
Turn 97: skaks plays b3c3
Turn 98: sunfish plays e3f2
Turn 99: skaks plays a3a4
Turn 100: sunfish plays f2e3
Turn 101: skaks plays c3d3
Turn 102: sunfish plays e3f2
Turn 103: skaks plays d3e2
Turn 104: sunfish plays f2g3
Turn 105: skaks plays e2d3
Turn 106: sunfish plays g3f2
Turn 107: skaks plays d3e2
Turn 108: sunfish plays f2g3
Turn 109: skaks plays e2d3
Turn 110: sunfish plays g3f2
Turn 111: skaks plays f3f4
Turn 112: sunfish plays f2g3
Turn 113: skaks plays d3c3
Turn 114: sunfish plays g3f4
Turn 115: skaks plays c3b3
Turn 116: sunfish plays f4e3
Turn 117: skaks plays a4a5
Turn 118: sunfish plays e3f2
Turn 119: skaks plays a5a6
Turn 120: sunfish plays f2e3
Turn 121: skaks plays b3b4
Turn 122: sunfish plays e3f2
Turn 123: skaks plays b4b3
Turn 124: sunfish plays f2e3
Turn 125: skaks plays b3b4
Turn 126: sunfish plays e3f2
Turn 127: skaks plays b4b3
Turn 128: sunfish plays f2e3
Turn 129: skaks plays a6a7
Turn 130: sunfish plays e3a7
Turn 131: skaks plays b3b2
Turn 132: sunfish plays a7e3
Turn 133: skaks plays b2b3
Turn 134: sunfish plays e3f2
Turn 135: skaks plays b3b2
Turn 136: sunfish plays f2e3
Turn 137: skaks plays b2b3
Turn 138: sunfish plays e3f2
Turn 139: skaks plays b3b2
Turn 140: sunfish plays f2e3
Turn 141: skaks plays b2a1
Turn 142: sunfish plays e3f2
Turn 143: skaks plays a1b2
Turn 144: sunfish plays f2e3
Turn 145: skaks plays b2a1
Turn 146: sunfish plays e3f2
Turn 147: skaks plays a1b2
Turn 148: sunfish plays f2e3
Turn 149: skaks plays b2a1
Turn 150: sunfish plays e3f2
Turn 151: skaks plays a1b1
Turn 152: sunfish plays f2e3
Turn 153: skaks plays b1a1
Turn 154: sunfish plays e3f2
Turn 155: skaks plays a1b1
Turn 156: sunfish plays f2e3
Turn 157: skaks plays b1a1
Turn 158: sunfish plays e3f2
Turn 159: skaks plays a1b1
Turn 160: sunfish plays f2e3
Turn 161: skaks plays b1a1
Turn 162: sunfish plays e3f2
Turn 163: skaks plays a1b1
Turn 164: sunfish plays f2e3
Turn 165: skaks plays b1a1
Turn 166: sunfish plays e3f2
Turn 167: skaks plays a1b1
Turn 168: sunfish plays f2e3
Turn 169: skaks plays b1a1
Turn 170: sunfish plays e3f2
Turn 171: skaks plays a1b1
Turn 172: sunfish plays f2e3
Turn 173: skaks plays b1a1
Turn 174: sunfish plays e3f2
Turn 175: skaks plays a1b1
Turn 176: sunfish plays f2e3
Turn 177: skaks plays b1a1
Turn 178: sunfish plays e3f2
Turn 179: skaks plays a1b1
Turn 180: sunfish plays f2e3
Turn 181: skaks plays b1a1
Turn 182: sunfish plays e3f2
Turn 183: skaks plays a1b1
Turn 184: sunfish plays f2e3
Turn 185: skaks plays b1a1
Turn 186: sunfish plays e3f2
Turn 187: skaks plays a1b1
Turn 188: sunfish plays f2e3
Turn 189: skaks plays b1a1
Turn 190: sunfish plays e3f2
Turn 191: skaks plays a1b1
Turn 192: sunfish plays f2e3
Turn 193: skaks plays b1a1
Turn 194: sunfish plays e3f2
Turn 195: skaks plays a1b1
Turn 196: sunfish plays f2e3
Turn 197: skaks plays b1a1
Turn 198: sunfish plays e3f2
Turn 199: skaks plays a1b1
Turn 200: sunfish plays f2e3
Final position FEN: 3k4/8/8/8/8/4b3/8/1K6 w - - 70 101
Result: 1/2-1/2
Winner: draw
PGN:
[Event "Skaks Validation"]
[Site "Local"]
[Date "2026.01.07"]
[Round "1"]
[White "skaks"]
[Black "sunfish"]
[Result "1/2-1/2"]

1. Nf3 Nc6 2. d4 d5 3. c4 dxc4 4. d5 Nb4 5. Qa4+ c6 6. Qxb4 cxd5 7. Bf4 e5 8.
Qb5+ Bd7 9. Qxb7 exf4 10. Nc3 Rb8 11. Qxa7 Rxb2 12. Nxd5 Bd6 13. Qd4 Qa5+ 14.
Nc3 Rc2 15. Qxg7 Qxc3+ 16. Qxc3 Rxc3 17. Kd2 Rxf3 18. exf3 Nf6 19. Bxc4 O-O 20.
Rae1 Re8 21. Bxf7+ Kxf7 22. Rxe8 Kxe8 23. Rb1 Ne4+ 24. fxe4 f3 25. gxf3 Bxh2
26. Rh1 Bg3 27. Rxh7 Bxf2 28. Rxd7 Kxd7 29. Ke2 Bg3 30. Kd2 Kd8 31. Kc3 Bf2 32.
e5 Be3 33. Kd3 Bf2 34. Ke2 Bg3 35. Kd3 Bxe5 36. Ke4 Bg3 37. Kd3 Bf2 38. Ke2 Bg3
39. Kd3 Bf2 40. Ke2 Bg3 41. Kd2 Bf2 42. Kc3 Be3 43. Kd3 Bf2 44. a3 Bg3 45. Kc3
Bf2 46. Kb3 Be3 47. Kc3 Bf2 48. Kb3 Be3 49. Kc3 Bf2 50. a4 Be3 51. Kd3 Bf2 52.
Ke2 Bg3 53. Kd3 Bf2 54. Ke2 Bg3 55. Kd3 Bf2 56. f4 Bg3 57. Kc3 Bxf4 58. Kb3 Be3
59. a5 Bf2 60. a6 Be3 61. Kb4 Bf2 62. Kb3 Be3 63. Kb4 Bf2 64. Kb3 Be3 65. a7
Bxa7 66. Kb2 Be3 67. Kb3 Bf2 68. Kb2 Be3 69. Kb3 Bf2 70. Kb2 Be3 71. Ka1 Bf2
72. Kb2 Be3 73. Ka1 Bf2 74. Kb2 Be3 75. Ka1 Bf2 76. Kb1 Be3 77. Ka1 Bf2 78. Kb1
Be3 79. Ka1 Bf2 80. Kb1 Be3 81. Ka1 Bf2 82. Kb1 Be3 83. Ka1 Bf2 84. Kb1 Be3 85.
Ka1 Bf2 86. Kb1 Be3 87. Ka1 Bf2 88. Kb1 Be3 89. Ka1 Bf2 90. Kb1 Be3 91. Ka1 Bf2
92. Kb1 Be3 93. Ka1 Bf2 94. Kb1 Be3 95. Ka1 Bf2 96. Kb1 Be3 97. Ka1 Bf2 98. Kb1
Be3 99. Ka1 Bf2 100. Kb1 Be3 1/2-1/2
--- stderr ---
Warning: reached move limit (200); terminating early.
[2/20] OK   game=4 result=1/2-1/2 winner=draw       time= 11.63s
--- stdout ---
Turn 1: skaks plays g1f3
Turn 2: sunfish plays b8c6
Turn 3: skaks plays d2d4
Turn 4: sunfish plays d7d5
Turn 5: skaks plays c2c4
Turn 6: sunfish plays d5c4
Turn 7: skaks plays d4d5
Turn 8: sunfish plays c6b4
Turn 9: skaks plays d1a4
Turn 10: sunfish plays c8d7
Turn 11: skaks plays a4b4
Turn 12: sunfish plays b7b5
Turn 13: skaks plays b1c3
Turn 14: sunfish plays e7e5
Turn 15: skaks plays b4a5
Turn 16: sunfish plays b5b4
Turn 17: skaks plays c1g5
Turn 18: sunfish plays f7f6
Turn 19: skaks plays g5f6
Turn 20: sunfish plays g8f6
Turn 21: skaks plays f3e5
Turn 22: sunfish plays b4c3
Turn 23: skaks plays e5d7
Turn 24: sunfish plays d8d7
Turn 25: skaks plays a5c3
Turn 26: sunfish plays d7d5
Turn 27: skaks plays a1d1
Turn 28: sunfish plays d5e4
Turn 29: skaks plays f2f3
Turn 30: sunfish plays e4h4
Turn 31: skaks plays g2g3
Turn 32: sunfish plays h4h5
Turn 33: skaks plays c3c4
Turn 34: sunfish plays f8c5
Turn 35: skaks plays c4e6
Turn 36: sunfish plays e8f8
Turn 37: skaks plays g3g4
Turn 38: sunfish plays h5h4
Turn 39: skaks plays e1d2
Turn 40: sunfish plays h4f2
Turn 41: skaks plays e6e3
Turn 42: sunfish plays c5e3
Turn 43: skaks plays d2c3
Turn 44: sunfish plays f2f1
Turn 45: skaks plays h1f1
Turn 46: sunfish plays f6g4
Turn 47: skaks plays f3g4
Turn 48: sunfish plays f8g8
Turn 49: skaks plays f1f3
Turn 50: sunfish plays a8e8
Turn 51: skaks plays f3e3
Turn 52: sunfish plays e8e3
Turn 53: skaks plays c3d2
Turn 54: sunfish plays e3e2
Turn 55: skaks plays d2e2
Turn 56: sunfish plays c7c5
Turn 57: skaks plays d1d8
Turn 58: sunfish plays g8f7
Turn 59: skaks plays d8h8
Turn 60: sunfish plays a7a6
Turn 61: skaks plays h8h7
Turn 62: sunfish plays f7g8
Turn 63: skaks plays h7h3
Turn 64: sunfish plays g7g6
Turn 65: skaks plays h3f3
Turn 66: sunfish plays c5c4
Turn 67: skaks plays e2f2
Turn 68: sunfish plays c4c3
Turn 69: skaks plays f3c3
Turn 70: sunfish plays a6a5
Turn 71: skaks plays c3c7
Turn 72: sunfish plays a5a4
Turn 73: skaks plays c7d7
Turn 74: sunfish plays a4a3
Turn 75: skaks plays d7d1
Turn 76: sunfish plays a3b2
Turn 77: skaks plays d1d2
Turn 78: sunfish plays b2b1q
Turn 79: skaks plays d2d1
Turn 80: sunfish plays b1d1
Turn 81: skaks plays f2g3
Turn 82: sunfish plays d1b1
Turn 83: skaks plays g4g5
Turn 84: sunfish plays b1a2
Turn 85: skaks plays g3f4
Turn 86: sunfish plays a2b1
Turn 87: skaks plays f4g3
Turn 88: sunfish plays b1c2
Turn 89: skaks plays g3g4
Turn 90: sunfish plays c2b1
Turn 91: skaks plays g4g3
Turn 92: sunfish plays b1c2
Turn 93: skaks plays g3g4
Turn 94: sunfish plays c2b1
Turn 95: skaks plays g4g3
Turn 96: sunfish plays b1c2
Turn 97: skaks plays h2h3
Turn 98: sunfish plays c2b1
Turn 99: skaks plays g3f3
Turn 100: sunfish plays b1c2
Turn 101: skaks plays f3g4
Turn 102: sunfish plays c2b1
Turn 103: skaks plays g4g3
Turn 104: sunfish plays b1c2
Turn 105: skaks plays g3g4
Turn 106: sunfish plays c2b1
Turn 107: skaks plays g4g3
Turn 108: sunfish plays b1c2
Turn 109: skaks plays g3g4
Turn 110: sunfish plays c2b1
Turn 111: skaks plays h3h4
Turn 112: sunfish plays b1c2
Turn 113: skaks plays h4h5
Turn 114: sunfish plays g6h5
Turn 115: skaks plays g4h5
Turn 116: sunfish plays c2b1
Turn 117: skaks plays h5g4
Turn 118: sunfish plays b1c2
Turn 119: skaks plays g5g6
Turn 120: sunfish plays c2g6
Turn 121: skaks plays g4f3
Turn 122: sunfish plays g6b1
Turn 123: skaks plays f3g3
Turn 124: sunfish plays b1c2
Turn 125: skaks plays g3g4
Turn 126: sunfish plays c2b1
Turn 127: skaks plays g4g3
Turn 128: sunfish plays b1c2
Turn 129: skaks plays g3g4
Turn 130: sunfish plays c2b1
Turn 131: skaks plays g4g3
Turn 132: sunfish plays b1c2
Turn 133: skaks plays g3f3
Turn 134: sunfish plays c2b1
Turn 135: skaks plays f3g3
Turn 136: sunfish plays b1c2
Turn 137: skaks plays g3f3
Turn 138: sunfish plays c2b1
Turn 139: skaks plays f3e2
Turn 140: sunfish plays b1c2
Turn 141: skaks plays e2f3
Turn 142: sunfish plays c2b1
Turn 143: skaks plays f3e2
Turn 144: sunfish plays b1c2
Turn 145: skaks plays e2f3
Turn 146: sunfish plays c2b1
Turn 147: skaks plays f3e2
Turn 148: sunfish plays b1c2
Turn 149: skaks plays e2e1
Turn 150: sunfish plays c2b1
Turn 151: skaks plays e1e2
Turn 152: sunfish plays b1c2
Turn 153: skaks plays e2e1
Turn 154: sunfish plays c2b1
Turn 155: skaks plays e1e2
Turn 156: sunfish plays b1c2
Turn 157: skaks plays e2e1
Turn 158: sunfish plays c2b1
Turn 159: skaks plays e1d2
Turn 160: sunfish plays b1c2
Turn 161: skaks plays d2e1
Turn 162: sunfish plays c2b1
Turn 163: skaks plays e1d2
Turn 164: sunfish plays b1c2
Turn 165: skaks plays d2e1
Turn 166: sunfish plays c2b1
Turn 167: skaks plays e1d2
Turn 168: sunfish plays b1c2
Turn 169: skaks plays d2e1
Turn 170: sunfish plays c2b1
Turn 171: skaks plays e1d2
Turn 172: sunfish plays b1c2
Turn 173: skaks plays d2e1
Turn 174: sunfish plays c2b1
Turn 175: skaks plays e1d2
Turn 176: sunfish plays b1c2
Turn 177: skaks plays d2e1
Turn 178: sunfish plays c2b1
Turn 179: skaks plays e1d2
Turn 180: sunfish plays b1c2
Turn 181: skaks plays d2e1
Turn 182: sunfish plays c2b1
Turn 183: skaks plays e1d2
Turn 184: sunfish plays b1c2
Turn 185: skaks plays d2e1
Turn 186: sunfish plays c2b1
Turn 187: skaks plays e1d2
Turn 188: sunfish plays b1c2
Turn 189: skaks plays d2e1
Turn 190: sunfish plays c2b1
Turn 191: skaks plays e1d2
Turn 192: sunfish plays b1c2
Turn 193: skaks plays d2e1
Turn 194: sunfish plays c2b1
Turn 195: skaks plays e1d2
Turn 196: sunfish plays b1c2
Turn 197: skaks plays d2e1
Turn 198: sunfish plays c2b1
Turn 199: skaks plays e1d2
Turn 200: sunfish plays b1c2
Final position FEN: 6k1/8/8/8/8/8/2qK4/8 w - - 80 101
Result: 1/2-1/2
Winner: draw
PGN:
[Event "Skaks Validation"]
[Site "Local"]
[Date "2026.01.07"]
[Round "1"]
[White "skaks"]
[Black "sunfish"]
[Result "1/2-1/2"]

1. Nf3 Nc6 2. d4 d5 3. c4 dxc4 4. d5 Nb4 5. Qa4+ Bd7 6. Qxb4 b5 7. Nc3 e5 8.
Qa5 b4 9. Bg5 f6 10. Bxf6 Nxf6 11. Nxe5 bxc3 12. Nxd7 Qxd7 13. Qxc3 Qxd5 14.
Rd1 Qe4 15. f3 Qh4+ 16. g3 Qh5 17. Qxc4 Bc5 18. Qe6+ Kf8 19. g4 Qh4+ 20. Kd2
Qf2 21. Qe3 Bxe3+ 22. Kc3 Qxf1 23. Rhxf1 Nxg4 24. fxg4+ Kg8 25. Rf3 Re8 26.
Rxe3 Rxe3+ 27. Kd2 Rxe2+ 28. Kxe2 c5 29. Rd8+ Kf7 30. Rxh8 a6 31. Rxh7 Kg8 32.
Rh3 g6 33. Rf3 c4 34. Kf2 c3 35. Rxc3 a5 36. Rc7 a4 37. Rd7 a3 38. Rd1 axb2 39.
Rd2 b1=Q 40. Rd1 Qxd1 41. Kg3 Qb1 42. g5 Qxa2 43. Kf4 Qb1 44. Kg3 Qc2 45. Kg4
Qb1 46. Kg3 Qc2 47. Kg4 Qb1 48. Kg3 Qc2 49. h3 Qb1 50. Kf3 Qc2 51. Kg4 Qb1 52.
Kg3 Qc2 53. Kg4 Qb1 54. Kg3 Qc2 55. Kg4 Qb1 56. h4 Qc2 57. h5 gxh5+ 58. Kxh5
Qb1 59. Kg4 Qc2 60. g6 Qxg6+ 61. Kf3 Qb1 62. Kg3 Qc2 63. Kg4 Qb1 64. Kg3 Qc2
65. Kg4 Qb1 66. Kg3 Qc2 67. Kf3 Qb1 68. Kg3 Qc2 69. Kf3 Qb1 70. Ke2 Qc2+ 71.
Kf3 Qb1 72. Ke2 Qc2+ 73. Kf3 Qb1 74. Ke2 Qc2+ 75. Ke1 Qb1+ 76. Ke2 Qc2+ 77. Ke1
Qb1+ 78. Ke2 Qc2+ 79. Ke1 Qb1+ 80. Kd2 Qc2+ 81. Ke1 Qb1+ 82. Kd2 Qc2+ 83. Ke1
Qb1+ 84. Kd2 Qc2+ 85. Ke1 Qb1+ 86. Kd2 Qc2+ 87. Ke1 Qb1+ 88. Kd2 Qc2+ 89. Ke1
Qb1+ 90. Kd2 Qc2+ 91. Ke1 Qb1+ 92. Kd2 Qc2+ 93. Ke1 Qb1+ 94. Kd2 Qc2+ 95. Ke1
Qb1+ 96. Kd2 Qc2+ 97. Ke1 Qb1+ 98. Kd2 Qc2+ 99. Ke1 Qb1+ 100. Kd2 Qc2+ 1/2-1/2
--- stderr ---
Warning: reached move limit (200); terminating early.
[3/20] OK   game=3 result=0-1 (checkmate) winner=sunfish (checkmate) time= 12.48s
--- stdout ---
Turn 1: skaks plays e2e4
Turn 2: sunfish plays e7e5
Turn 3: skaks plays g1f3
Turn 4: sunfish plays g8f6
Turn 5: skaks plays d2d4
Turn 6: sunfish plays f6e4
Turn 7: skaks plays f1d3
Turn 8: sunfish plays f8b4
Turn 9: skaks plays e1f1
Turn 10: sunfish plays f7f5
Turn 11: skaks plays f3e5
Turn 12: sunfish plays e8g8
Turn 13: skaks plays d3e4
Turn 14: sunfish plays f5e4
Turn 15: skaks plays c1e3
Turn 16: sunfish plays b8c6
Turn 17: skaks plays e5c6
Turn 18: sunfish plays d7c6
Turn 19: skaks plays b1d2
Turn 20: sunfish plays c8f5
Turn 21: skaks plays d1h5
Turn 22: sunfish plays b4d2
Turn 23: skaks plays e3d2
Turn 24: sunfish plays d8d4
Turn 25: skaks plays d2e3
Turn 26: sunfish plays d4b2
Turn 27: skaks plays a1b1
Turn 28: sunfish plays b2b1
Turn 29: skaks plays f1e2
Turn 30: sunfish plays b1h1
Turn 31: skaks plays e3a7
Turn 32: sunfish plays a8a7
Turn 33: skaks plays e2e3
Turn 34: sunfish plays a7a2
Turn 35: skaks plays h5d1
Turn 36: sunfish plays h1d1
Turn 37: skaks plays e3f4
Turn 38: sunfish plays d1c2
Turn 39: skaks plays f4g3
Turn 40: sunfish plays c2f2
Turn 41: skaks reports checkmate.
Final position FEN: 5rk1/1pp3pp/2p5/5b2/4p3/6K1/r4qPP/8 w - - 0 21
Result: 0-1 (checkmate)
Winner: sunfish (checkmate)
PGN:
[Event "Skaks Validation"]
[Site "Local"]
[Date "2026.01.07"]
[Round "1"]
[White "skaks"]
[Black "sunfish"]
[Result "0-1"]
[Termination "checkmate"]

1. e4 e5 2. Nf3 Nf6 3. d4 Nxe4 4. Bd3 Bb4+ 5. Kf1 f5 6. Nxe5 O-O 7. Bxe4 fxe4
8. Be3 Nc6 9. Nxc6 dxc6 10. Nd2 Bf5 11. Qh5 Bxd2 12. Bxd2 Qxd4 13. Be3 Qxb2 14.
Rb1 Qxb1+ 15. Ke2 Qxh1 16. Bxa7 Rxa7 17. Ke3 Rxa2 18. Qd1 Qxd1 19. Kf4 Qxc2 20.
Kg3 Qxf2# 0-1
[4/20] OK   game=6 result=0-1 (checkmate) winner=sunfish (checkmate) time= 11.31s
--- stdout ---
Turn 1: skaks plays g1f3
Turn 2: sunfish plays b8c6
Turn 3: skaks plays d2d4
Turn 4: sunfish plays d7d5
Turn 5: skaks plays c2c4
Turn 6: sunfish plays d5c4
Turn 7: skaks plays d4d5
Turn 8: sunfish plays c6b4
Turn 9: skaks plays d1a4
Turn 10: sunfish plays c7c6
Turn 11: skaks plays a4b4
Turn 12: sunfish plays c6d5
Turn 13: skaks plays c1f4
Turn 14: sunfish plays e7e5
Turn 15: skaks plays b4b5
Turn 16: sunfish plays c8d7
Turn 17: skaks plays b5b7
Turn 18: sunfish plays e5f4
Turn 19: skaks plays b1c3
Turn 20: sunfish plays a8b8
Turn 21: skaks plays b7a7
Turn 22: sunfish plays b8b2
Turn 23: skaks plays c3d5
Turn 24: sunfish plays f8d6
Turn 25: skaks plays a7d4
Turn 26: sunfish plays d8a5
Turn 27: skaks plays d5c3
Turn 28: sunfish plays g8f6
Turn 29: skaks plays e1c1
Turn 30: sunfish plays a5a3
Turn 31: skaks plays d4d6
Turn 32: sunfish plays a3c3
Turn 33: skaks reports checkmate.
Final position FEN: 4k2r/3b1ppp/3Q1n2/8/2p2p2/2q2N2/Pr2PPPP/2KR1B1R w k - 0 17
Result: 0-1 (checkmate)
Winner: sunfish (checkmate)
PGN:
[Event "Skaks Validation"]
[Site "Local"]
[Date "2026.01.07"]
[Round "1"]
[White "skaks"]
[Black "sunfish"]
[Result "0-1"]
[Termination "checkmate"]

1. Nf3 Nc6 2. d4 d5 3. c4 dxc4 4. d5 Nb4 5. Qa4+ c6 6. Qxb4 cxd5 7. Bf4 e5 8.
Qb5+ Bd7 9. Qxb7 exf4 10. Nc3 Rb8 11. Qxa7 Rxb2 12. Nxd5 Bd6 13. Qd4 Qa5+ 14.
Nc3 Nf6 15. O-O-O Qa3 16. Qxd6 Qxc3# 0-1
[5/20] OK   game=5 result=1/2-1/2 winner=draw       time= 11.78s
--- stdout ---
Turn 1: skaks plays d2d4
Turn 2: sunfish plays b8c6
Turn 3: skaks plays d4d5
Turn 4: sunfish plays c6b4
Turn 5: skaks plays e2e4
Turn 6: sunfish plays e7e5
Turn 7: skaks plays g1f3
Turn 8: sunfish plays g8f6
Turn 9: skaks plays b1c3
Turn 10: sunfish plays d7d6
Turn 11: skaks plays c1g5
Turn 12: sunfish plays c8g4
Turn 13: skaks plays g5f6
Turn 14: sunfish plays d8f6
Turn 15: skaks plays f1b5
Turn 16: sunfish plays c7c6
Turn 17: skaks plays d5c6
Turn 18: sunfish plays b7c6
Turn 19: skaks plays c3d5
Turn 20: sunfish plays b4d5
Turn 21: skaks plays b5c6
Turn 22: sunfish plays e8d8
Turn 23: skaks plays d1d5
Turn 24: sunfish plays a8c8
Turn 25: skaks plays f3e5
Turn 26: sunfish plays f6e5
Turn 27: skaks plays d5e5
Turn 28: sunfish plays d6e5
Turn 29: skaks plays e1d2
Turn 30: sunfish plays c8c6
Turn 31: skaks plays a1d1
Turn 32: sunfish plays g4d1
Turn 33: skaks plays h1d1
Turn 34: sunfish plays f8b4
Turn 35: skaks plays d2e2
Turn 36: sunfish plays c6d6
Turn 37: skaks plays e2f3
Turn 38: sunfish plays d6d1
Turn 39: skaks plays f3e2
Turn 40: sunfish plays d1d2
Turn 41: skaks plays e2e3
Turn 42: sunfish plays d2c2
Turn 43: skaks plays e3d3
Turn 44: sunfish plays c2b2
Turn 45: skaks plays d3c4
Turn 46: sunfish plays b2f2
Turn 47: skaks plays c4b4
Turn 48: sunfish plays f2g2
Turn 49: skaks plays b4c4
Turn 50: sunfish plays g2a2
Turn 51: skaks plays c4b3
Turn 52: sunfish plays a2h2
Turn 53: skaks plays b3c4
Turn 54: sunfish plays h8e8
Turn 55: skaks plays c4b3
Turn 56: sunfish plays f7f5
Turn 57: skaks plays e4f5
Turn 58: sunfish plays a7a6
Turn 59: skaks plays b3b4
Turn 60: sunfish plays h2e2
Turn 61: skaks plays f5f6
Turn 62: sunfish plays g7f6
Turn 63: skaks plays b4c4
Turn 64: sunfish plays h7h6
Turn 65: skaks plays c4d3
Turn 66: sunfish plays e5e4
Turn 67: skaks plays d3e2
Turn 68: sunfish plays e4e3
Turn 69: skaks plays e2f3
Turn 70: sunfish plays e3e2
Turn 71: skaks plays f3g3
Turn 72: sunfish plays e2e1q
Turn 73: skaks plays g3f3
Turn 74: sunfish plays e1b1
Turn 75: skaks plays f3g3
Turn 76: sunfish plays e8e2
Turn 77: skaks plays g3f3
Turn 78: sunfish plays f6f5
Turn 79: skaks plays f3e2
Turn 80: sunfish plays a6a5
Turn 81: skaks plays e2f3
Turn 82: sunfish plays a5a4
Turn 83: skaks plays f3g3
Turn 84: sunfish plays a4a3
Turn 85: skaks plays g3f3
Turn 86: sunfish plays a3a2
Turn 87: skaks plays f3g3
Turn 88: sunfish plays a2a1q
Turn 89: skaks plays g3f3
Turn 90: sunfish plays a1c3
Turn 91: skaks plays f3f2
Turn 92: sunfish plays c3c2
Turn 93: skaks plays f2g3
Turn 94: sunfish plays h6h5
Turn 95: skaks plays g3f4
Turn 96: sunfish plays h5h4
Turn 97: skaks plays f4g5
Turn 98: sunfish plays h4h3
Turn 99: skaks plays g5f4
Turn 100: sunfish plays h3h2
Turn 101: skaks plays f4g3
Turn 102: sunfish plays h2h1q
Turn 103: skaks plays g3f4
Turn 104: sunfish plays h1d1
Turn 105: skaks plays f4e3
Turn 106: sunfish plays d1d3
Turn 107: skaks plays e3f4
Turn 108: sunfish plays d3d1
Turn 109: skaks plays f4e3
Turn 110: sunfish plays d1d3
Turn 111: skaks plays e3f4
Turn 112: sunfish plays d3d1
Turn 113: skaks plays f4e3
Turn 114: sunfish plays d1d3
Turn 115: skaks plays e3f4
Turn 116: sunfish plays d3d1
Turn 117: skaks plays f4e3
Turn 118: sunfish plays d1d3
Turn 119: skaks plays e3f4
Turn 120: sunfish plays d3d1
Turn 121: skaks plays f4e3
Turn 122: sunfish plays d1d3
Turn 123: skaks plays e3f4
Turn 124: sunfish plays d3d1
Turn 125: skaks plays f4e3
Turn 126: sunfish plays d1d3
Turn 127: skaks plays e3f4
Turn 128: sunfish plays d3d1
Turn 129: skaks plays f4e3
Turn 130: sunfish plays d1d3
Turn 131: skaks plays e3f4
Turn 132: sunfish plays d3d1
Turn 133: skaks plays f4e3
Turn 134: sunfish plays d1d3
Turn 135: skaks plays e3f4
Turn 136: sunfish plays d3d1
Turn 137: skaks plays f4e3
Turn 138: sunfish plays d1d3
Turn 139: skaks plays e3f4
Turn 140: sunfish plays d3d1
Turn 141: skaks plays f4e3
Turn 142: sunfish plays d1d3
Turn 143: skaks plays e3f4
Turn 144: sunfish plays d3d1
Turn 145: skaks plays f4e3
Turn 146: sunfish plays d1d3
Turn 147: skaks plays e3f4
Turn 148: sunfish plays d3d1
Turn 149: skaks plays f4e3
Turn 150: sunfish plays d1d3
Turn 151: skaks plays e3f4
Turn 152: sunfish plays d3d1
Turn 153: skaks plays f4e3
Turn 154: sunfish plays d1d3
Turn 155: skaks plays e3f4
Turn 156: sunfish plays d3d1
Turn 157: skaks plays f4e3
Turn 158: sunfish plays d1d3
Turn 159: skaks plays e3f4
Turn 160: sunfish plays d3d1
Turn 161: skaks plays f4e3
Turn 162: sunfish plays d1d3
Turn 163: skaks plays e3f4
Turn 164: sunfish plays d3d1
Turn 165: skaks plays f4e3
Turn 166: sunfish plays d1d3
Turn 167: skaks plays e3f4
Turn 168: sunfish plays d3d1
Turn 169: skaks plays f4e3
Turn 170: sunfish plays d1d3
Turn 171: skaks plays e3f4
Turn 172: sunfish plays d3d1
Turn 173: skaks plays f4e3
Turn 174: sunfish plays d1d3
Turn 175: skaks plays e3f4
Turn 176: sunfish plays d3d1
Turn 177: skaks plays f4e3
Turn 178: sunfish plays d1d3
Turn 179: skaks plays e3f4
Turn 180: sunfish plays d3d1
Turn 181: skaks plays f4e3
Turn 182: sunfish plays d1d3
Turn 183: skaks plays e3f4
Turn 184: sunfish plays d3d1
Turn 185: skaks plays f4e3
Turn 186: sunfish plays d1d3
Turn 187: skaks plays e3f4
Turn 188: sunfish plays d3d1
Turn 189: skaks plays f4e3
Turn 190: sunfish plays d1d3
Turn 191: skaks plays e3f4
Turn 192: sunfish plays d3d1
Turn 193: skaks plays f4e3
Turn 194: sunfish plays d1d3
Turn 195: skaks plays e3f4
Turn 196: sunfish plays d3d1
Turn 197: skaks plays f4e3
Turn 198: sunfish plays d1d3
Turn 199: skaks plays e3f4
Turn 200: sunfish plays d3d1
Final position FEN: 3k4/8/8/5p2/5K2/8/2q5/1q1q4 w - - 98 101
Result: 1/2-1/2
Winner: draw
PGN:
[Event "Skaks Validation"]
[Site "Local"]
[Date "2026.01.07"]
[Round "1"]
[White "skaks"]
[Black "sunfish"]
[Result "1/2-1/2"]

1. d4 Nc6 2. d5 Nb4 3. e4 e5 4. Nf3 Nf6 5. Nc3 d6 6. Bg5 Bg4 7. Bxf6 Qxf6 8.
Bb5+ c6 9. dxc6 bxc6 10. Nd5 Nxd5 11. Bxc6+ Kd8 12. Qxd5 Rc8 13. Nxe5 Qxe5 14.
Qxe5 dxe5 15. Kd2 Rxc6 16. Rad1 Bxd1 17. Rxd1 Bb4+ 18. Ke2+ Rd6 19. Kf3 Rxd1
20. Ke2 Rd2+ 21. Ke3 Rxc2 22. Kd3 Rxb2 23. Kc4 Rxf2 24. Kxb4 Rxg2 25. Kc4 Rxa2
26. Kb3 Rxh2 27. Kc4 Re8 28. Kb3 f5 29. exf5 a6 30. Kb4 Re2 31. f6 gxf6 32. Kc4
h6 33. Kd3 e4+ 34. Kxe2 e3 35. Kf3 e2 36. Kg3 e1=Q+ 37. Kf3 Qb1 38. Kg3 Re2 39.
Kf3 f5 40. Kxe2 a5 41. Kf3 a4 42. Kg3 a3 43. Kf3 a2 44. Kg3 a1=Q 45. Kf3 Qc3+
46. Kf2 Qcc2+ 47. Kg3 h5 48. Kf4 h4 49. Kg5 h3 50. Kf4 h2 51. Kg3 h1=Q 52. Kf4
Qhd1 53. Ke3 Qdd3+ 54. Kf4 Qdd1 55. Ke3 Qdd3+ 56. Kf4 Qdd1 57. Ke3 Qdd3+ 58.
Kf4 Qdd1 59. Ke3 Qdd3+ 60. Kf4 Qdd1 61. Ke3 Qdd3+ 62. Kf4 Qdd1 63. Ke3 Qdd3+
64. Kf4 Qdd1 65. Ke3 Qdd3+ 66. Kf4 Qdd1 67. Ke3 Qdd3+ 68. Kf4 Qdd1 69. Ke3
Qdd3+ 70. Kf4 Qdd1 71. Ke3 Qdd3+ 72. Kf4 Qdd1 73. Ke3 Qdd3+ 74. Kf4 Qdd1 75.
Ke3 Qdd3+ 76. Kf4 Qdd1 77. Ke3 Qdd3+ 78. Kf4 Qdd1 79. Ke3 Qdd3+ 80. Kf4 Qdd1
81. Ke3 Qdd3+ 82. Kf4 Qdd1 83. Ke3 Qdd3+ 84. Kf4 Qdd1 85. Ke3 Qdd3+ 86. Kf4
Qdd1 87. Ke3 Qdd3+ 88. Kf4 Qdd1 89. Ke3 Qdd3+ 90. Kf4 Qdd1 91. Ke3 Qdd3+ 92.
Kf4 Qdd1 93. Ke3 Qdd3+ 94. Kf4 Qdd1 95. Ke3 Qdd3+ 96. Kf4 Qdd1 97. Ke3 Qdd3+
98. Kf4 Qdd1 99. Ke3 Qdd3+ 100. Kf4 Qdd1 1/2-1/2
--- stderr ---
Warning: reached move limit (200); terminating early.
[6/20] OK   game=7 result=1/2-1/2 winner=draw       time= 14.41s
--- stdout ---
Turn 1: skaks plays d2d4
Turn 2: sunfish plays b8c6
Turn 3: skaks plays d4d5
Turn 4: sunfish plays c6b4
Turn 5: skaks plays e2e4
Turn 6: sunfish plays e7e5
Turn 7: skaks plays g1f3
Turn 8: sunfish plays g8f6
Turn 9: skaks plays b1c3
Turn 10: sunfish plays d7d6
Turn 11: skaks plays c1g5
Turn 12: sunfish plays c8g4
Turn 13: skaks plays g5f6
Turn 14: sunfish plays d8f6
Turn 15: skaks plays f1b5
Turn 16: sunfish plays c7c6
Turn 17: skaks plays d5c6
Turn 18: sunfish plays b7c6
Turn 19: skaks plays c3d5
Turn 20: sunfish plays f6d8
Turn 21: skaks plays d5b4
Turn 22: sunfish plays c6b5
Turn 23: skaks plays b4c6
Turn 24: sunfish plays d8c7
Turn 25: skaks plays c6e5
Turn 26: sunfish plays d6e5
Turn 27: skaks plays d1d5
Turn 28: sunfish plays f8b4
Turn 29: skaks plays e1e2
Turn 30: sunfish plays c7c2
Turn 31: skaks plays d5d2
Turn 32: sunfish plays c2d2
Turn 33: skaks plays e2f1
Turn 34: sunfish plays d2b2
Turn 35: skaks plays a1b1
Turn 36: sunfish plays b2b1
Turn 37: skaks plays f1e2
Turn 38: sunfish plays b1h1
Turn 39: skaks plays e2d3
Turn 40: sunfish plays g4f3
Turn 41: skaks plays g2f3
Turn 42: sunfish plays h1f3
Turn 43: skaks plays d3c2
Turn 44: sunfish plays f3f2
Turn 45: skaks plays c2b1
Turn 46: sunfish plays e8g8
Turn 47: skaks plays a2a3
Turn 48: sunfish plays b4a3
Turn 49: skaks plays h2h3
Turn 50: sunfish plays a8e8
Turn 51: skaks plays h3h4
Turn 52: sunfish plays a3c5
Turn 53: skaks plays h4h5
Turn 54: sunfish plays c5e3
Turn 55: skaks plays h5h6
Turn 56: sunfish plays e3h6
Turn 57: skaks plays b1a1
Turn 58: sunfish plays h6e3
Turn 59: skaks plays a1b1
Turn 60: sunfish plays f7f5
Turn 61: skaks plays e4f5
Turn 62: sunfish plays f8f5
Turn 63: skaks plays b1a1
Turn 64: sunfish plays f5f3
Turn 65: skaks plays a1b1
Turn 66: sunfish plays f2c2
Turn 67: skaks plays b1c2
Turn 68: sunfish plays f3f2
Turn 69: skaks plays c2d3
Turn 70: sunfish plays b5b4
Turn 71: skaks plays d3e3
Turn 72: sunfish plays b4b3
Turn 73: skaks plays e3f2
Turn 74: sunfish plays b3b2
Turn 75: skaks plays f2g3
Turn 76: sunfish plays b2b1q
Turn 77: skaks plays g3f2
Turn 78: sunfish plays a7a6
Turn 79: skaks plays f2f3
Turn 80: sunfish plays h7h6
Turn 81: skaks plays f3g3
Turn 82: sunfish plays e5e4
Turn 83: skaks plays g3g4
Turn 84: sunfish plays e4e3
Turn 85: skaks plays g4f3
Turn 86: sunfish plays e3e2
Turn 87: skaks plays f3g3
Turn 88: sunfish plays e2e1q
Turn 89: skaks plays g3g2
Turn 90: sunfish plays e1d1
Turn 91: skaks plays g2g3
Turn 92: sunfish plays e8e2
Turn 93: skaks plays g3f3
Turn 94: sunfish plays d1c2
Turn 95: skaks plays f3g3
Turn 96: sunfish plays g7g6
Turn 97: skaks plays g3f3
Turn 98: sunfish plays a6a5
Turn 99: skaks plays f3g3
Turn 100: sunfish plays a5a4
Turn 101: skaks plays g3f3
Turn 102: sunfish plays a4a3
Turn 103: skaks plays f3g3
Turn 104: sunfish plays a3a2
Turn 105: skaks plays g3f3
Turn 106: sunfish plays a2a1q
Turn 107: skaks plays f3g3
Turn 108: sunfish plays a1c3
Turn 109: skaks plays g3f4
Turn 110: sunfish plays c3d3
Turn 111: skaks plays f4g4
Turn 112: sunfish plays d3d1
Turn 113: skaks plays g4f3
Turn 114: sunfish plays d1d3
Turn 115: skaks plays f3f4
Turn 116: sunfish plays d3d1
Turn 117: skaks plays f4f3
Turn 118: sunfish plays d1d3
Turn 119: skaks plays f3f4
Turn 120: sunfish plays d3d1
Turn 121: skaks plays f4f3
Turn 122: sunfish plays d1d3
Turn 123: skaks plays f3f4
Turn 124: sunfish plays d3d1
Turn 125: skaks plays f4f3
Turn 126: sunfish plays d1d3
Turn 127: skaks plays f3f4
Turn 128: sunfish plays d3d1
Turn 129: skaks plays f4f3
Turn 130: sunfish plays d1d3
Turn 131: skaks plays f3f4
Turn 132: sunfish plays d3d1
Turn 133: skaks plays f4f3
Turn 134: sunfish plays d1d3
Turn 135: skaks plays f3f4
Turn 136: sunfish plays d3d1
Turn 137: skaks plays f4f3
Turn 138: sunfish plays d1d3
Turn 139: skaks plays f3f4
Turn 140: sunfish plays d3d1
Turn 141: skaks plays f4f3
Turn 142: sunfish plays d1d3
Turn 143: skaks plays f3f4
Turn 144: sunfish plays d3d1
Turn 145: skaks plays f4f3
Turn 146: sunfish plays d1d3
Turn 147: skaks plays f3f4
Turn 148: sunfish plays d3d1
Turn 149: skaks plays f4f3
Turn 150: sunfish plays d1d3
Turn 151: skaks plays f3f4
Turn 152: sunfish plays d3d1
Turn 153: skaks plays f4f3
Turn 154: sunfish plays d1d3
Turn 155: skaks plays f3f4
Turn 156: sunfish plays d3d1
Turn 157: skaks plays f4f3
Turn 158: sunfish plays d1d3
Turn 159: skaks plays f3f4
Turn 160: sunfish plays d3d1
Turn 161: skaks plays f4f3
Turn 162: sunfish plays d1d3
Turn 163: skaks plays f3f4
Turn 164: sunfish plays d3d1
Turn 165: skaks plays f4f3
Turn 166: sunfish plays d1d3
Turn 167: skaks plays f3f4
Turn 168: sunfish plays d3d1
Turn 169: skaks plays f4f3
Turn 170: sunfish plays d1d3
Turn 171: skaks plays f3f4
Turn 172: sunfish plays d3d1
Turn 173: skaks plays f4f3
Turn 174: sunfish plays d1d3
Turn 175: skaks plays f3f4
Turn 176: sunfish plays d3d1
Turn 177: skaks plays f4f3
Turn 178: sunfish plays d1d3
Turn 179: skaks plays f3f4
Turn 180: sunfish plays d3d1
Turn 181: skaks plays f4f3
Turn 182: sunfish plays d1d3
Turn 183: skaks plays f3f4
Turn 184: sunfish plays d3d1
Turn 185: skaks plays f4f3
Turn 186: sunfish plays d1d3
Turn 187: skaks plays f3f4
Turn 188: sunfish plays d3d1
Turn 189: skaks plays f4f3
Turn 190: sunfish plays d1d3
Turn 191: skaks plays f3f4
Turn 192: sunfish plays d3d1
Turn 193: skaks plays f4f3
Turn 194: sunfish plays d1d3
Turn 195: skaks plays f3f4
Turn 196: sunfish plays d3d1
Turn 197: skaks plays f4f3
Turn 198: sunfish plays d1d3
Turn 199: skaks plays f3f4
Turn 200: sunfish plays d3d1
Final position FEN: 6k1/8/6pp/8/5K2/8/2q1r3/1q1q4 w - - 94 101
Result: 1/2-1/2
Winner: draw
PGN:
[Event "Skaks Validation"]
[Site "Local"]
[Date "2026.01.07"]
[Round "1"]
[White "skaks"]
[Black "sunfish"]
[Result "1/2-1/2"]

1. d4 Nc6 2. d5 Nb4 3. e4 e5 4. Nf3 Nf6 5. Nc3 d6 6. Bg5 Bg4 7. Bxf6 Qxf6 8.
Bb5+ c6 9. dxc6 bxc6 10. Nd5 Qd8 11. Nxb4 cxb5 12. Nc6 Qc7 13. Ncxe5 dxe5 14.
Qd5 Bb4+ 15. Ke2 Qxc2+ 16. Qd2 Qxd2+ 17. Kf1 Qxb2 18. Rb1 Qxb1+ 19. Ke2 Qxh1
20. Kd3 Bxf3 21. gxf3 Qxf3+ 22. Kc2 Qxf2+ 23. Kb1 O-O 24. a3 Bxa3 25. h3 Rae8
26. h4 Bc5 27. h5 Be3 28. h6 Bxh6 29. Ka1 Be3 30. Kb1 f5 31. exf5 Rxf5 32. Ka1
Rf3 33. Kb1 Qc2+ 34. Kxc2 Rf2+ 35. Kd3 b4 36. Kxe3 b3 37. Kxf2 b2 38. Kg3 b1=Q
39. Kf2 a6 40. Kf3 h6 41. Kg3 e4 42. Kg4 e3 43. Kf3 e2 44. Kg3 e1=Q+ 45. Kg2
Qed1 46. Kg3 Re2 47. Kf3 Qdc2 48. Kg3 g6 49. Kf3 a5 50. Kg3 a4 51. Kf3 a3 52.
Kg3 a2 53. Kf3 a1=Q 54. Kg3 Qac3+ 55. Kf4 Q3d3 56. Kg4 Qdd1 57. Kf3 Qdd3+ 58.
Kf4 Qdd1 59. Kf3 Qdd3+ 60. Kf4 Qdd1 61. Kf3 Qdd3+ 62. Kf4 Qdd1 63. Kf3 Qdd3+
64. Kf4 Qdd1 65. Kf3 Qdd3+ 66. Kf4 Qdd1 67. Kf3 Qdd3+ 68. Kf4 Qdd1 69. Kf3
Qdd3+ 70. Kf4 Qdd1 71. Kf3 Qdd3+ 72. Kf4 Qdd1 73. Kf3 Qdd3+ 74. Kf4 Qdd1 75.
Kf3 Qdd3+ 76. Kf4 Qdd1 77. Kf3 Qdd3+ 78. Kf4 Qdd1 79. Kf3 Qdd3+ 80. Kf4 Qdd1
81. Kf3 Qdd3+ 82. Kf4 Qdd1 83. Kf3 Qdd3+ 84. Kf4 Qdd1 85. Kf3 Qdd3+ 86. Kf4
Qdd1 87. Kf3 Qdd3+ 88. Kf4 Qdd1 89. Kf3 Qdd3+ 90. Kf4 Qdd1 91. Kf3 Qdd3+ 92.
Kf4 Qdd1 93. Kf3 Qdd3+ 94. Kf4 Qdd1 95. Kf3 Qdd3+ 96. Kf4 Qdd1 97. Kf3 Qdd3+
98. Kf4 Qdd1 99. Kf3 Qdd3+ 100. Kf4 Qdd1 1/2-1/2
--- stderr ---
Warning: reached move limit (200); terminating early.
[7/20] OK   game=8 result=1/2-1/2 winner=draw       time= 12.29s
--- stdout ---
Turn 1: skaks plays g1f3
Turn 2: sunfish plays b8c6
Turn 3: skaks plays d2d4
Turn 4: sunfish plays d7d5
Turn 5: skaks plays c2c4
Turn 6: sunfish plays d5c4
Turn 7: skaks plays d4d5
Turn 8: sunfish plays c6b4
Turn 9: skaks plays d1a4
Turn 10: sunfish plays d8d7
Turn 11: skaks plays a4b4
Turn 12: sunfish plays d7d5
Turn 13: skaks plays b1c3
Turn 14: sunfish plays d5c6
Turn 15: skaks plays f3d4
Turn 16: sunfish plays a7a5
Turn 17: skaks plays d4c6
Turn 18: sunfish plays a5b4
Turn 19: skaks plays c6b4
Turn 20: sunfish plays e7e6
Turn 21: skaks plays b4c2
Turn 22: sunfish plays g8f6
Turn 23: skaks plays c1g5
Turn 24: sunfish plays e6e5
Turn 25: skaks plays c2e3
Turn 26: sunfish plays c8e6
Turn 27: skaks plays g5f6
Turn 28: sunfish plays g7f6
Turn 29: skaks plays e1c1
Turn 30: sunfish plays f8h6
Turn 31: skaks plays c3e4
Turn 32: sunfish plays a8a2
Turn 33: skaks plays e4f6
Turn 34: sunfish plays e8e7
Turn 35: skaks plays f6h7
Turn 36: sunfish plays h8h7
Turn 37: skaks plays c1b1
Turn 38: sunfish plays c4c3
Turn 39: skaks plays e3d5
Turn 40: sunfish plays e6d5
Turn 41: skaks plays d1d5
Turn 42: sunfish plays a2b2
Turn 43: skaks plays b1a1
Turn 44: sunfish plays c3c2
Turn 45: skaks plays d5e5
Turn 46: sunfish plays e7d8
Turn 47: skaks plays e5d5
Turn 48: sunfish plays d8c8
Turn 49: skaks plays a1b2
Turn 50: sunfish plays c2c1q
Turn 51: skaks plays b2b3
Turn 52: sunfish plays c1b1
Turn 53: skaks plays b3c4
Turn 54: sunfish plays c8b8
Turn 55: skaks plays d5d1
Turn 56: sunfish plays b1d1
Turn 57: skaks plays c4b5
Turn 58: sunfish plays d1f1
Turn 59: skaks plays h1f1
Turn 60: sunfish plays h6e3
Turn 61: skaks plays f2e3
Turn 62: sunfish plays h7h2
Turn 63: skaks plays f1f7
Turn 64: sunfish plays h2g2
Turn 65: skaks plays f7c7
Turn 66: sunfish plays b8c7
Turn 67: skaks plays b5c4
Turn 68: sunfish plays g2e2
Turn 69: skaks plays c4d3
Turn 70: sunfish plays c7b8
Turn 71: skaks plays d3e2
Turn 72: sunfish plays b7b6
Turn 73: skaks plays e2f3
Turn 74: sunfish plays b6b5
Turn 75: skaks plays f3g3
Turn 76: sunfish plays b5b4
Turn 77: skaks plays g3f3
Turn 78: sunfish plays b4b3
Turn 79: skaks plays f3g3
Turn 80: sunfish plays b3b2
Turn 81: skaks plays g3f3
Turn 82: sunfish plays b2b1q
Turn 83: skaks plays f3g3
Turn 84: sunfish plays b1c2
Turn 85: skaks plays g3g4
Turn 86: sunfish plays c2b1
Turn 87: skaks plays g4g3
Turn 88: sunfish plays b1c2
Turn 89: skaks plays g3g4
Turn 90: sunfish plays c2b1
Turn 91: skaks plays g4g3
Turn 92: sunfish plays b1c2
Turn 93: skaks plays e3e4
Turn 94: sunfish plays c2e4
Turn 95: skaks plays g3h2
Turn 96: sunfish plays e4b1
Turn 97: skaks plays h2g3
Turn 98: sunfish plays b1c2
Turn 99: skaks plays g3g4
Turn 100: sunfish plays c2b1
Turn 101: skaks plays g4g3
Turn 102: sunfish plays b1c2
Turn 103: skaks plays g3g4
Turn 104: sunfish plays c2b1
Turn 105: skaks plays g4g3
Turn 106: sunfish plays b1c2
Turn 107: skaks plays g3f3
Turn 108: sunfish plays c2b1
Turn 109: skaks plays f3g3
Turn 110: sunfish plays b1c2
Turn 111: skaks plays g3f3
Turn 112: sunfish plays c2b1
Turn 113: skaks plays f3g3
Turn 114: sunfish plays b1c2
Turn 115: skaks plays g3f3
Turn 116: sunfish plays c2b1
Turn 117: skaks plays f3e2
Turn 118: sunfish plays b1c2
Turn 119: skaks plays e2f3
Turn 120: sunfish plays c2b1
Turn 121: skaks plays f3e2
Turn 122: sunfish plays b1c2
Turn 123: skaks plays e2f3
Turn 124: sunfish plays c2b1
Turn 125: skaks plays f3e2
Turn 126: sunfish plays b1c2
Turn 127: skaks plays e2e1
Turn 128: sunfish plays c2b1
Turn 129: skaks plays e1e2
Turn 130: sunfish plays b1c2
Turn 131: skaks plays e2e1
Turn 132: sunfish plays c2b1
Turn 133: skaks plays e1e2
Turn 134: sunfish plays b1c2
Turn 135: skaks plays e2e1
Turn 136: sunfish plays c2b1
Turn 137: skaks plays e1d2
Turn 138: sunfish plays b1c2
Turn 139: skaks plays d2e1
Turn 140: sunfish plays c2b1
Turn 141: skaks plays e1d2
Turn 142: sunfish plays b1c2
Turn 143: skaks plays d2e1
Turn 144: sunfish plays c2b1
Turn 145: skaks plays e1d2
Turn 146: sunfish plays b1c2
Turn 147: skaks plays d2e1
Turn 148: sunfish plays c2b1
Turn 149: skaks plays e1d2
Turn 150: sunfish plays b1c2
Turn 151: skaks plays d2e1
Turn 152: sunfish plays c2b1
Turn 153: skaks plays e1d2
Turn 154: sunfish plays b1c2
Turn 155: skaks plays d2e1
Turn 156: sunfish plays c2b1
Turn 157: skaks plays e1d2
Turn 158: sunfish plays b1c2
Turn 159: skaks plays d2e1
Turn 160: sunfish plays c2b1
Turn 161: skaks plays e1d2
Turn 162: sunfish plays b1c2
Turn 163: skaks plays d2e1
Turn 164: sunfish plays c2b1
Turn 165: skaks plays e1d2
Turn 166: sunfish plays b1c2
Turn 167: skaks plays d2e1
Turn 168: sunfish plays c2b1
Turn 169: skaks plays e1d2
Turn 170: sunfish plays b1c2
Turn 171: skaks plays d2e1
Turn 172: sunfish plays c2b1
Turn 173: skaks plays e1d2
Turn 174: sunfish plays b1c2
Turn 175: skaks plays d2e1
Turn 176: sunfish plays c2b1
Turn 177: skaks plays e1d2
Turn 178: sunfish plays b1c2
Turn 179: skaks plays d2e1
Turn 180: sunfish plays c2b1
Turn 181: skaks plays e1d2
Turn 182: sunfish plays b1c2
Turn 183: skaks plays d2e1
Turn 184: sunfish plays c2b1
Turn 185: skaks plays e1d2
Turn 186: sunfish plays b1c2
Turn 187: skaks plays d2e1
Turn 188: sunfish plays c2b1
Turn 189: skaks plays e1d2
Turn 190: sunfish plays b1c2
Turn 191: skaks plays d2e1
Turn 192: sunfish plays c2b1
Turn 193: skaks plays e1d2
Turn 194: sunfish plays b1c2
Turn 195: skaks plays d2e1
Turn 196: sunfish plays c2b1
Turn 197: skaks plays e1d2
Turn 198: sunfish plays b1c2
Turn 199: skaks plays d2e1
Turn 200: sunfish plays c2b1
Final position FEN: 1k6/8/8/8/8/8/8/1q2K3 w - - 106 101
Result: 1/2-1/2
Winner: draw
PGN:
[Event "Skaks Validation"]
[Site "Local"]
[Date "2026.01.07"]
[Round "1"]
[White "skaks"]
[Black "sunfish"]
[Result "1/2-1/2"]

1. Nf3 Nc6 2. d4 d5 3. c4 dxc4 4. d5 Nb4 5. Qa4+ Qd7 6. Qxb4 Qxd5 7. Nc3 Qc6 8.
Nd4 a5 9. Nxc6 axb4 10. Nxb4 e6 11. Nc2 Nf6 12. Bg5 e5 13. Ne3 Be6 14. Bxf6
gxf6 15. O-O-O Bh6 16. Ne4 Rxa2 17. Nxf6+ Ke7 18. Nxh7 Rxh7 19. Kb1 c3 20. Nd5+
Bxd5 21. Rxd5 Rxb2+ 22. Ka1 c2 23. Rxe5+ Kd8 24. Rd5+ Kc8 25. Kxb2 c1=Q+ 26.
Kb3 Qb1+ 27. Kc4 Kb8 28. Rd1 Qxd1 29. Kb5 Qxf1 30. Rxf1 Be3 31. fxe3 Rxh2 32.
Rxf7 Rxg2 33. Rxc7 Kxc7 34. Kc4 Rxe2 35. Kd3 Kb8 36. Kxe2 b6 37. Kf3 b5 38. Kg3
b4 39. Kf3 b3 40. Kg3 b2 41. Kf3 b1=Q 42. Kg3 Qc2 43. Kg4 Qb1 44. Kg3 Qc2 45.
Kg4 Qb1 46. Kg3 Qc2 47. e4 Qxe4 48. Kh2 Qb1 49. Kg3 Qc2 50. Kg4 Qb1 51. Kg3 Qc2
52. Kg4 Qb1 53. Kg3 Qc2 54. Kf3 Qb1 55. Kg3 Qc2 56. Kf3 Qb1 57. Kg3 Qc2 58. Kf3
Qb1 59. Ke2 Qc2+ 60. Kf3 Qb1 61. Ke2 Qc2+ 62. Kf3 Qb1 63. Ke2 Qc2+ 64. Ke1 Qb1+
65. Ke2 Qc2+ 66. Ke1 Qb1+ 67. Ke2 Qc2+ 68. Ke1 Qb1+ 69. Kd2 Qc2+ 70. Ke1 Qb1+
71. Kd2 Qc2+ 72. Ke1 Qb1+ 73. Kd2 Qc2+ 74. Ke1 Qb1+ 75. Kd2 Qc2+ 76. Ke1 Qb1+
77. Kd2 Qc2+ 78. Ke1 Qb1+ 79. Kd2 Qc2+ 80. Ke1 Qb1+ 81. Kd2 Qc2+ 82. Ke1 Qb1+
83. Kd2 Qc2+ 84. Ke1 Qb1+ 85. Kd2 Qc2+ 86. Ke1 Qb1+ 87. Kd2 Qc2+ 88. Ke1 Qb1+
89. Kd2 Qc2+ 90. Ke1 Qb1+ 91. Kd2 Qc2+ 92. Ke1 Qb1+ 93. Kd2 Qc2+ 94. Ke1 Qb1+
95. Kd2 Qc2+ 96. Ke1 Qb1+ 97. Kd2 Qc2+ 98. Ke1 Qb1+ 99. Kd2 Qc2+ 100. Ke1 Qb1+
1/2-1/2
--- stderr ---
Warning: reached move limit (200); terminating early.
[8/20] OK   game=9 result=1/2-1/2 winner=draw       time= 14.77s
--- stdout ---
Turn 1: skaks plays g1f3
Turn 2: sunfish plays b8c6
Turn 3: skaks plays d2d4
Turn 4: sunfish plays d7d5
Turn 5: skaks plays c2c4
Turn 6: sunfish plays d5c4
Turn 7: skaks plays d4d5
Turn 8: sunfish plays c6b4
Turn 9: skaks plays d1a4
Turn 10: sunfish plays d8d7
Turn 11: skaks plays a4b4
Turn 12: sunfish plays d7d5
Turn 13: skaks plays b1c3
Turn 14: sunfish plays c7c5
Turn 15: skaks plays c3d5
Turn 16: sunfish plays c5b4
Turn 17: skaks plays c1e3
Turn 18: sunfish plays e8d8
Turn 19: skaks plays e1c1
Turn 20: sunfish plays b4b3
Turn 21: skaks plays d5b6
Turn 22: sunfish plays d8c7
Turn 23: skaks plays b6a8
Turn 24: sunfish plays c7b8
Turn 25: skaks plays a8b6
Turn 26: sunfish plays a7b6
Turn 27: skaks plays e3b6
Turn 28: sunfish plays b3a2
Turn 29: skaks plays c1d2
Turn 30: sunfish plays g8f6
Turn 31: skaks plays b6d4
Turn 32: sunfish plays c8f5
Turn 33: skaks plays d4f6
Turn 34: sunfish plays e7f6
Turn 35: skaks plays d2c3
Turn 36: sunfish plays b7b5
Turn 37: skaks plays d1d8
Turn 38: sunfish plays b8b7
Turn 39: skaks plays d8f8
Turn 40: sunfish plays h8f8
Turn 41: skaks plays f3d4
Turn 42: sunfish plays a2a1q
Turn 43: skaks plays d4c2
Turn 44: sunfish plays a1c1
Turn 45: skaks plays c3b4
Turn 46: sunfish plays c1c2
Turn 47: skaks plays b4b5
Turn 48: sunfish plays c2b2
Turn 49: skaks plays b5c4
Turn 50: sunfish plays f5d3
Turn 51: skaks plays c4d3
Turn 52: sunfish plays b2b1
Turn 53: skaks plays d3e3
Turn 54: sunfish plays b1f1
Turn 55: skaks plays h1f1
Turn 56: sunfish plays b7b8
Turn 57: skaks plays f1c1
Turn 58: sunfish plays f8e8
Turn 59: skaks plays e3f3
Turn 60: sunfish plays h7h6
Turn 61: skaks plays f3g3
Turn 62: sunfish plays e8e2
Turn 63: skaks plays c1c2
Turn 64: sunfish plays e2c2
Turn 65: skaks plays g3g4
Turn 66: sunfish plays c2f2
Turn 67: skaks plays g4g3
Turn 68: sunfish plays f2g2
Turn 69: skaks plays g3g2
Turn 70: sunfish plays f6f5
Turn 71: skaks plays g2g3
Turn 72: sunfish plays f7f6
Turn 73: skaks plays g3f2
Turn 74: sunfish plays g7g6
Turn 75: skaks plays f2g3
Turn 76: sunfish plays h6h5
Turn 77: skaks plays g3f2
Turn 78: sunfish plays h5h4
Turn 79: skaks plays f2f3
Turn 80: sunfish plays h4h3
Turn 81: skaks plays f3g3
Turn 82: sunfish plays g6g5
Turn 83: skaks plays g3h3
Turn 84: sunfish plays g5g4
Turn 85: skaks plays h3g3
Turn 86: sunfish plays f5f4
Turn 87: skaks plays g3f4
Turn 88: sunfish plays g4g3
Turn 89: skaks plays f4g3
Turn 90: sunfish plays f6f5
Turn 91: skaks plays g3f2
Turn 92: sunfish plays f5f4
Turn 93: skaks plays f2f3
Turn 94: sunfish plays b8a8
Turn 95: skaks plays f3f4
Turn 96: sunfish plays a8b8
Turn 97: skaks plays f4f3
Turn 98: sunfish plays b8a8
Turn 99: skaks plays f3g3
Turn 100: sunfish plays a8b8
Turn 101: skaks plays g3f3
Turn 102: sunfish plays b8a8
Turn 103: skaks plays f3g3
Turn 104: sunfish plays a8b8
Turn 105: skaks plays g3f2
Turn 106: sunfish plays b8a8
Turn 107: skaks plays f2f3
Turn 108: sunfish plays a8b8
Turn 109: skaks plays f3g3
Turn 110: sunfish plays b8a8
Turn 111: skaks plays g3f3
Turn 112: sunfish plays a8b8
Turn 113: skaks plays f3g3
Turn 114: sunfish plays b8a8
Turn 115: skaks plays g3f2
Turn 116: sunfish plays a8b8
Turn 117: skaks plays f2e2
Turn 118: sunfish plays b8a8
Turn 119: skaks plays e2f2
Turn 120: sunfish plays a8b8
Turn 121: skaks plays f2e2
Turn 122: sunfish plays b8a8
Turn 123: skaks plays e2d2
Turn 124: sunfish plays a8b8
Turn 125: skaks plays d2c3
Turn 126: sunfish plays b8c8
Turn 127: skaks plays c3b3
Turn 128: sunfish plays c8b8
Turn 129: skaks plays b3c3
Turn 130: sunfish plays b8c8
Turn 131: skaks plays c3b3
Turn 132: sunfish plays c8b8
Turn 133: skaks plays b3b2
Turn 134: sunfish plays b8a8
Turn 135: skaks plays b2b3
Turn 136: sunfish plays a8b8
Turn 137: skaks plays h2h3
Turn 138: sunfish plays b8a8
Turn 139: skaks plays b3c3
Turn 140: sunfish plays a8b8
Turn 141: skaks plays c3b3
Turn 142: sunfish plays b8a8
Turn 143: skaks plays b3c3
Turn 144: sunfish plays a8b8
Turn 145: skaks plays c3b2
Turn 146: sunfish plays b8a8
Turn 147: skaks plays b2b3
Turn 148: sunfish plays a8b8
Turn 149: skaks plays b3c3
Turn 150: sunfish plays b8a8
Turn 151: skaks plays c3b3
Turn 152: sunfish plays a8b8
Turn 153: skaks plays b3c3
Turn 154: sunfish plays b8a8
Turn 155: skaks plays c3b2
Turn 156: sunfish plays a8b8
Turn 157: skaks plays b2c2
Turn 158: sunfish plays b8a8
Turn 159: skaks plays c2b2
Turn 160: sunfish plays a8b8
Turn 161: skaks plays b2c2
Turn 162: sunfish plays b8a8
Turn 163: skaks plays c2d2
Turn 164: sunfish plays a8b8
Turn 165: skaks plays d2e2
Turn 166: sunfish plays b8a8
Turn 167: skaks plays e2f3
Turn 168: sunfish plays a8b8
Turn 169: skaks plays f3g3
Turn 170: sunfish plays b8a8
Turn 171: skaks plays g3f3
Turn 172: sunfish plays a8b8
Turn 173: skaks plays f3g3
Turn 174: sunfish plays b8a8
Turn 175: skaks plays g3f2
Turn 176: sunfish plays a8b8
Turn 177: skaks plays f2f3
Turn 178: sunfish plays b8a8
Turn 179: skaks plays f3g3
Turn 180: sunfish plays a8b8
Turn 181: skaks plays g3f3
Turn 182: sunfish plays b8a8
Turn 183: skaks plays f3g3
Turn 184: sunfish plays a8b8
Turn 185: skaks plays g3f2
Turn 186: sunfish plays b8a8
Turn 187: skaks plays f2e2
Turn 188: sunfish plays a8b8
Turn 189: skaks plays e2f2
Turn 190: sunfish plays b8a8
Turn 191: skaks plays f2e2
Turn 192: sunfish plays a8b8
Turn 193: skaks plays e2d2
Turn 194: sunfish plays b8a8
Turn 195: skaks plays d2e3
Turn 196: sunfish plays a8b8
Turn 197: skaks plays e3f4
Turn 198: sunfish plays b8a8
Turn 199: skaks plays f4g4
Turn 200: sunfish plays a8b8
Final position FEN: 1k6/8/8/8/6K1/7P/8/8 w - - 63 101
Result: 1/2-1/2
Winner: draw
PGN:
[Event "Skaks Validation"]
[Site "Local"]
[Date "2026.01.07"]
[Round "1"]
[White "skaks"]
[Black "sunfish"]
[Result "1/2-1/2"]

1. Nf3 Nc6 2. d4 d5 3. c4 dxc4 4. d5 Nb4 5. Qa4+ Qd7 6. Qxb4 Qxd5 7. Nc3 c5 8.
Nxd5 cxb4 9. Be3 Kd8 10. O-O-O b3 11. Nb6+ Kc7 12. Nxa8+ Kb8 13. Nb6 axb6 14.
Bxb6 bxa2 15. Kd2 Nf6 16. Bd4 Bf5 17. Bxf6 exf6 18. Kc3 b5 19. Rd8+ Kb7 20.
Rxf8 Rxf8 21. Nd4 a1=Q 22. Nc2 Qc1 23. Kb4 Qxc2 24. Kxb5 Qxb2+ 25. Kxc4 Bd3+
26. Kxd3 Qb1+ 27. Ke3 Qxf1 28. Rxf1 Kb8 29. Rc1 Re8+ 30. Kf3 h6 31. Kg3 Rxe2
32. Rc2 Rxc2 33. Kg4 Rxf2 34. Kg3 Rxg2+ 35. Kxg2 f5 36. Kg3 f6 37. Kf2 g6 38.
Kg3 h5 39. Kf2 h4 40. Kf3 h3 41. Kg3 g5 42. Kxh3 g4+ 43. Kg3 f4+ 44. Kxf4 g3
45. Kxg3 f5 46. Kf2 f4 47. Kf3 Ka8 48. Kxf4 Kb8 49. Kf3 Ka8 50. Kg3 Kb8 51. Kf3
Ka8 52. Kg3 Kb8 53. Kf2 Ka8 54. Kf3 Kb8 55. Kg3 Ka8 56. Kf3 Kb8 57. Kg3 Ka8 58.
Kf2 Kb8 59. Ke2 Ka8 60. Kf2 Kb8 61. Ke2 Ka8 62. Kd2 Kb8 63. Kc3 Kc8 64. Kb3 Kb8
65. Kc3 Kc8 66. Kb3 Kb8 67. Kb2 Ka8 68. Kb3 Kb8 69. h3 Ka8 70. Kc3 Kb8 71. Kb3
Ka8 72. Kc3 Kb8 73. Kb2 Ka8 74. Kb3 Kb8 75. Kc3 Ka8 76. Kb3 Kb8 77. Kc3 Ka8 78.
Kb2 Kb8 79. Kc2 Ka8 80. Kb2 Kb8 81. Kc2 Ka8 82. Kd2 Kb8 83. Ke2 Ka8 84. Kf3 Kb8
85. Kg3 Ka8 86. Kf3 Kb8 87. Kg3 Ka8 88. Kf2 Kb8 89. Kf3 Ka8 90. Kg3 Kb8 91. Kf3
Ka8 92. Kg3 Kb8 93. Kf2 Ka8 94. Ke2 Kb8 95. Kf2 Ka8 96. Ke2 Kb8 97. Kd2 Ka8 98.
Ke3 Kb8 99. Kf4 Ka8 100. Kg4 Kb8 1/2-1/2
--- stderr ---
Warning: reached move limit (200); terminating early.
[9/20] OK   game=11 result=1/2-1/2 winner=draw       time= 11.54s
--- stdout ---
Turn 1: skaks plays g1f3
Turn 2: sunfish plays b8c6
Turn 3: skaks plays d2d4
Turn 4: sunfish plays d7d5
Turn 5: skaks plays c2c4
Turn 6: sunfish plays d5c4
Turn 7: skaks plays d4d5
Turn 8: sunfish plays c6b4
Turn 9: skaks plays d1a4
Turn 10: sunfish plays d8d7
Turn 11: skaks plays a4b4
Turn 12: sunfish plays d7d5
Turn 13: skaks plays b1c3
Turn 14: sunfish plays d5c6
Turn 15: skaks plays f3d4
Turn 16: sunfish plays a7a5
Turn 17: skaks plays d4c6
Turn 18: sunfish plays a5b4
Turn 19: skaks plays c6b4
Turn 20: sunfish plays e7e6
Turn 21: skaks plays b4c2
Turn 22: sunfish plays g8f6
Turn 23: skaks plays c1g5
Turn 24: sunfish plays h7h6
Turn 25: skaks plays g5f6
Turn 26: sunfish plays g7f6
Turn 27: skaks plays e1c1
Turn 28: sunfish plays f8c5
Turn 29: skaks plays c3e4
Turn 30: sunfish plays c5e7
Turn 31: skaks plays c2e3
Turn 32: sunfish plays a8a2
Turn 33: skaks plays e4c3
Turn 34: sunfish plays a2a1
Turn 35: skaks plays c1d2
Turn 36: sunfish plays a1d1
Turn 37: skaks plays d2d1
Turn 38: sunfish plays e7c5
Turn 39: skaks plays c3e4
Turn 40: sunfish plays c5e3
Turn 41: skaks plays e4f6
Turn 42: sunfish plays e8e7
Turn 43: skaks plays f2e3
Turn 44: sunfish plays e7f6
Turn 45: skaks plays d1d2
Turn 46: sunfish plays f6g7
Turn 47: skaks plays d2c3
Turn 48: sunfish plays h8e8
Turn 49: skaks plays g2g3
Turn 50: sunfish plays g7g8
Turn 51: skaks plays f1g2
Turn 52: sunfish plays c8d7
Turn 53: skaks plays g2b7
Turn 54: sunfish plays e6e5
Turn 55: skaks plays b7e4
Turn 56: sunfish plays f7f5
Turn 57: skaks plays h1d1
Turn 58: sunfish plays f5e4
Turn 59: skaks plays d1d7
Turn 60: sunfish plays c7c5
Turn 61: skaks plays c3c4
Turn 62: sunfish plays h6h5
Turn 63: skaks plays c4c5
Turn 64: sunfish plays h5h4
Turn 65: skaks plays c5c4
Turn 66: sunfish plays h4g3
Turn 67: skaks plays h2g3
Turn 68: sunfish plays e8d8
Turn 69: skaks plays d7d8
Turn 70: sunfish plays g8g7
Turn 71: skaks plays c4c3
Turn 72: sunfish plays g7h7
Turn 73: skaks plays d8d5
Turn 74: sunfish plays h7g8
Turn 75: skaks plays d5e5
Turn 76: sunfish plays g8h8
Turn 77: skaks plays e5e4
Turn 78: sunfish plays h8g8
Turn 79: skaks plays e4f4
Turn 80: sunfish plays g8h8
Turn 81: skaks plays f4f2
Turn 82: sunfish plays h8g8
Turn 83: skaks plays f2f4
Turn 84: sunfish plays g8h8
Turn 85: skaks plays f4f2
Turn 86: sunfish plays h8g8
Turn 87: skaks plays c3c4
Turn 88: sunfish plays g8h8
Turn 89: skaks plays f2f7
Turn 90: sunfish plays h8g8
Turn 91: skaks plays f7f2
Turn 92: sunfish plays g8h8
Turn 93: skaks plays f2f7
Turn 94: sunfish plays h8g8
Turn 95: skaks plays f7f1
Turn 96: sunfish plays g8h8
Turn 97: skaks plays f1d1
Turn 98: sunfish plays h8g8
Turn 99: skaks plays d1h1
Turn 100: sunfish plays g8g7
Turn 101: skaks plays h1h2
Turn 102: sunfish plays g7g8
Turn 103: skaks plays h2h1
Turn 104: sunfish plays g8g7
Turn 105: skaks plays h1h2
Turn 106: sunfish plays g7g8
Turn 107: skaks plays c4b3
Turn 108: sunfish plays g8g7
Turn 109: skaks plays b3c3
Turn 110: sunfish plays g7g8
Turn 111: skaks plays h2h1
Turn 112: sunfish plays g8g7
Turn 113: skaks plays h1h2
Turn 114: sunfish plays g7g8
Turn 115: skaks plays h2h1
Turn 116: sunfish plays g8g7
Turn 117: skaks plays c3c4
Turn 118: sunfish plays g7g8
Turn 119: skaks plays h1f1
Turn 120: sunfish plays g8h8
Turn 121: skaks plays f1d1
Turn 122: sunfish plays h8g8
Turn 123: skaks plays d1d7
Turn 124: sunfish plays g8h8
Turn 125: skaks plays d7d2
Turn 126: sunfish plays h8g8
Turn 127: skaks plays d2d7
Turn 128: sunfish plays g8h8
Turn 129: skaks plays d7d2
Turn 130: sunfish plays h8g8
Turn 131: skaks plays d2d1
Turn 132: sunfish plays g8h8
Turn 133: skaks plays c4c3
Turn 134: sunfish plays h8g8
Turn 135: skaks plays d1f1
Turn 136: sunfish plays g8h8
Turn 137: skaks plays f1d1
Turn 138: sunfish plays h8g8
Turn 139: skaks plays d1f1
Turn 140: sunfish plays g8h8
Turn 141: skaks plays f1f7
Turn 142: sunfish plays h8g8
Turn 143: skaks plays f7f2
Turn 144: sunfish plays g8h8
Turn 145: skaks plays f2f7
Turn 146: sunfish plays h8g8
Turn 147: skaks plays f7f2
Turn 148: sunfish plays g8h8
Turn 149: skaks plays c3c4
Turn 150: sunfish plays h8g8
Turn 151: skaks plays c4d4
Turn 152: sunfish plays g8h8
Turn 153: skaks plays d4c4
Turn 154: sunfish plays h8g8
Turn 155: skaks plays c4d4
Turn 156: sunfish plays g8h8
Turn 157: skaks plays f2h2
Turn 158: sunfish plays h8g8
Turn 159: skaks plays h2h1
Turn 160: sunfish plays g8g7
Turn 161: skaks plays d4c3
Turn 162: sunfish plays g7g8
Turn 163: skaks plays h1a1
Turn 164: sunfish plays g8h8
Turn 165: skaks plays a1c1
Turn 166: sunfish plays h8g8
Turn 167: skaks plays c1a1
Turn 168: sunfish plays g8h8
Turn 169: skaks plays a1c1
Turn 170: sunfish plays h8g8
Turn 171: skaks plays c1d1
Turn 172: sunfish plays g8h8
Turn 173: skaks plays d1a1
Turn 174: sunfish plays h8g8
Turn 175: skaks plays a1d1
Turn 176: sunfish plays g8h8
Turn 177: skaks plays d1a1
Turn 178: sunfish plays h8g8
Turn 179: skaks plays c3c4
Turn 180: sunfish plays g8h8
Turn 181: skaks plays a1c1
Turn 182: sunfish plays h8g8
Turn 183: skaks plays c1a1
Turn 184: sunfish plays g8h8
Turn 185: skaks plays a1c1
Turn 186: sunfish plays h8g8
Turn 187: skaks plays c1d1
Turn 188: sunfish plays g8h8
Turn 189: skaks plays d1a1
Turn 190: sunfish plays h8g8
Turn 191: skaks plays a1a7
Turn 192: sunfish plays g8h8
Turn 193: skaks plays a7a1
Turn 194: sunfish plays h8g8
Turn 195: skaks plays a1a7
Turn 196: sunfish plays g8h8
Turn 197: skaks plays a7a2
Turn 198: sunfish plays h8g8
Turn 199: skaks plays c4c3
Turn 200: sunfish plays g8h8
Final position FEN: 7k/8/8/8/8/2K1P1P1/RP2P3/8 w - - 123 101
Result: 1/2-1/2
Winner: draw
PGN:
[Event "Skaks Validation"]
[Site "Local"]
[Date "2026.01.07"]
[Round "1"]
[White "skaks"]
[Black "sunfish"]
[Result "1/2-1/2"]

1. Nf3 Nc6 2. d4 d5 3. c4 dxc4 4. d5 Nb4 5. Qa4+ Qd7 6. Qxb4 Qxd5 7. Nc3 Qc6 8.
Nd4 a5 9. Nxc6 axb4 10. Nxb4 e6 11. Nc2 Nf6 12. Bg5 h6 13. Bxf6 gxf6 14. O-O-O
Bc5 15. Ne4 Be7 16. Ne3 Rxa2 17. Nc3 Ra1+ 18. Kd2 Rxd1+ 19. Kxd1 Bc5 20. Ne4
Bxe3 21. Nxf6+ Ke7 22. fxe3 Kxf6 23. Kd2 Kg7 24. Kc3 Re8 25. g3 Kg8 26. Bg2 Bd7
27. Bxb7 e5 28. Be4 f5 29. Rd1 fxe4 30. Rxd7 c5 31. Kxc4 h5 32. Kxc5 h4 33. Kc4
hxg3 34. hxg3 Rd8 35. Rxd8+ Kg7 36. Kc3 Kh7 37. Rd5 Kg8 38. Rxe5 Kh8 39. Rxe4
Kg8 40. Rf4 Kh8 41. Rf2 Kg8 42. Rf4 Kh8 43. Rf2 Kg8 44. Kc4 Kh8 45. Rf7 Kg8 46.
Rf2 Kh8 47. Rf7 Kg8 48. Rf1 Kh8 49. Rd1 Kg8 50. Rh1 Kg7 51. Rh2 Kg8 52. Rh1 Kg7
53. Rh2 Kg8 54. Kb3 Kg7 55. Kc3 Kg8 56. Rh1 Kg7 57. Rh2 Kg8 58. Rh1 Kg7 59. Kc4
Kg8 60. Rf1 Kh8 61. Rd1 Kg8 62. Rd7 Kh8 63. Rd2 Kg8 64. Rd7 Kh8 65. Rd2 Kg8 66.
Rd1 Kh8 67. Kc3 Kg8 68. Rf1 Kh8 69. Rd1 Kg8 70. Rf1 Kh8 71. Rf7 Kg8 72. Rf2 Kh8
73. Rf7 Kg8 74. Rf2 Kh8 75. Kc4 Kg8 76. Kd4 Kh8 77. Kc4 Kg8 78. Kd4 Kh8 79.
Rh2+ Kg8 80. Rh1 Kg7 81. Kc3 Kg8 82. Ra1 Kh8 83. Rc1 Kg8 84. Ra1 Kh8 85. Rc1
Kg8 86. Rd1 Kh8 87. Ra1 Kg8 88. Rd1 Kh8 89. Ra1 Kg8 90. Kc4 Kh8 91. Rc1 Kg8 92.
Ra1 Kh8 93. Rc1 Kg8 94. Rd1 Kh8 95. Ra1 Kg8 96. Ra7 Kh8 97. Ra1 Kg8 98. Ra7 Kh8
99. Ra2 Kg8 100. Kc3 Kh8 1/2-1/2
--- stderr ---
Warning: reached move limit (200); terminating early.
[10/20] OK   game=13 result=1/2-1/2 winner=draw       time= 10.99s
--- stdout ---
Turn 1: skaks plays e2e4
Turn 2: sunfish plays e7e5
Turn 3: skaks plays g1f3
Turn 4: sunfish plays g8f6
Turn 5: skaks plays f3e5
Turn 6: sunfish plays f8d6
Turn 7: skaks plays e5c4
Turn 8: sunfish plays f6e4
Turn 9: skaks plays f1d3
Turn 10: sunfish plays d8h4
Turn 11: skaks plays g2g3
Turn 12: sunfish plays h4e7
Turn 13: skaks plays d3e4
Turn 14: sunfish plays e7e4
Turn 15: skaks plays d1e2
Turn 16: sunfish plays e4e2
Turn 17: skaks plays e1e2
Turn 18: sunfish plays e8g8
Turn 19: skaks plays c4d6
Turn 20: sunfish plays c7d6
Turn 21: skaks plays b1c3
Turn 22: sunfish plays b8c6
Turn 23: skaks plays h1e1
Turn 24: sunfish plays c6d4
Turn 25: skaks plays e2d3
Turn 26: sunfish plays d4f5
Turn 27: skaks plays c3b5
Turn 28: sunfish plays a7a6
Turn 29: skaks plays b5d6
Turn 30: sunfish plays f5d6
Turn 31: skaks plays d3c3
Turn 32: sunfish plays d6f5
Turn 33: skaks plays c3b3
Turn 34: sunfish plays d7d5
Turn 35: skaks plays a1b1
Turn 36: sunfish plays c8e6
Turn 37: skaks plays e1e6
Turn 38: sunfish plays f7e6
Turn 39: skaks plays g3g4
Turn 40: sunfish plays f5h4
Turn 41: skaks plays b1a1
Turn 42: sunfish plays f8f2
Turn 43: skaks plays a1b1
Turn 44: sunfish plays a8f8
Turn 45: skaks plays b1a1
Turn 46: sunfish plays f2h2
Turn 47: skaks plays a1b1
Turn 48: sunfish plays f8f2
Turn 49: skaks plays b1a1
Turn 50: sunfish plays f2d2
Turn 51: skaks plays c1d2
Turn 52: sunfish plays h2d2
Turn 53: skaks plays a1e1
Turn 54: sunfish plays d2c2
Turn 55: skaks plays b3c2
Turn 56: sunfish plays e6e5
Turn 57: skaks plays e1e5
Turn 58: sunfish plays d5d4
Turn 59: skaks plays e5e1
Turn 60: sunfish plays d4d3
Turn 61: skaks plays c2d3
Turn 62: sunfish plays h7h6
Turn 63: skaks plays d3c3
Turn 64: sunfish plays h4f5
Turn 65: skaks plays g4f5
Turn 66: sunfish plays g7g6
Turn 67: skaks plays f5g6
Turn 68: sunfish plays b7b6
Turn 69: skaks plays c3b3
Turn 70: sunfish plays b6b5
Turn 71: skaks plays b3c3
Turn 72: sunfish plays b5b4
Turn 73: skaks plays c3b4
Turn 74: sunfish plays a6a5
Turn 75: skaks plays b4a5
Turn 76: sunfish plays h6h5
Turn 77: skaks plays a5b4
Turn 78: sunfish plays h5h4
Turn 79: skaks plays b4b3
Turn 80: sunfish plays h4h3
Turn 81: skaks plays e1e2
Turn 82: sunfish plays h3h2
Turn 83: skaks plays e2h2
Turn 84: sunfish plays g8g7
Turn 85: skaks plays h2f2
Turn 86: sunfish plays g7g6
Turn 87: skaks plays b3c3
Turn 88: sunfish plays g6g7
Turn 89: skaks plays c3b3
Turn 90: sunfish plays g7g8
Turn 91: skaks plays b3c3
Turn 92: sunfish plays g8h8
Turn 93: skaks plays f2g2
Turn 94: sunfish plays h8h7
Turn 95: skaks plays g2g3
Turn 96: sunfish plays h7h8
Turn 97: skaks plays c3c4
Turn 98: sunfish plays h8h7
Turn 99: skaks plays c4b3
Turn 100: sunfish plays h7h8
Turn 101: skaks plays b3c4
Turn 102: sunfish plays h8h7
Turn 103: skaks plays c4b3
Turn 104: sunfish plays h7h8
Turn 105: skaks plays b3c3
Turn 106: sunfish plays h8h7
Turn 107: skaks plays c3b4
Turn 108: sunfish plays h7h8
Turn 109: skaks plays b4b3
Turn 110: sunfish plays h8h7
Turn 111: skaks plays b3c3
Turn 112: sunfish plays h7h8
Turn 113: skaks plays c3b3
Turn 114: sunfish plays h8h7
Turn 115: skaks plays b3b4
Turn 116: sunfish plays h7h8
Turn 117: skaks plays b4c3
Turn 118: sunfish plays h8h7
Turn 119: skaks plays c3c4
Turn 120: sunfish plays h7h8
Turn 121: skaks plays c4b4
Turn 122: sunfish plays h8h7
Turn 123: skaks plays b4c4
Turn 124: sunfish plays h7h8
Turn 125: skaks plays c4b4
Turn 126: sunfish plays h8h7
Turn 127: skaks plays g3g1
Turn 128: sunfish plays h7h8
Turn 129: skaks plays b4b3
Turn 130: sunfish plays h8h7
Turn 131: skaks plays g1g2
Turn 132: sunfish plays h7h8
Turn 133: skaks plays g2g1
Turn 134: sunfish plays h8h7
Turn 135: skaks plays g1g2
Turn 136: sunfish plays h7h8
Turn 137: skaks plays b3c4
Turn 138: sunfish plays h8h7
Turn 139: skaks plays g2g1
Turn 140: sunfish plays h7h8
Turn 141: skaks plays g1g2
Turn 142: sunfish plays h8h7
Turn 143: skaks plays g2g1
Turn 144: sunfish plays h7h8
Turn 145: skaks plays c4c3
Turn 146: sunfish plays h8h7
Turn 147: skaks plays c3b3
Turn 148: sunfish plays h7h8
Turn 149: skaks plays b3c4
Turn 150: sunfish plays h8h7
Turn 151: skaks plays g1g2
Turn 152: sunfish plays h7h8
Turn 153: skaks plays g2g1
Turn 154: sunfish plays h8h7
Turn 155: skaks plays g1g2
Turn 156: sunfish plays h7h8
Turn 157: skaks plays c4b3
Turn 158: sunfish plays h8h7
Turn 159: skaks plays g2g1
Turn 160: sunfish plays h7h8
Turn 161: skaks plays g1g2
Turn 162: sunfish plays h8h7
Turn 163: skaks plays b3c3
Turn 164: sunfish plays h7h8
Turn 165: skaks plays g2g1
Turn 166: sunfish plays h8h7
Turn 167: skaks plays c3b4
Turn 168: sunfish plays h7h8
Turn 169: skaks plays g1g2
Turn 170: sunfish plays h8h7
Turn 171: skaks plays b4c3
Turn 172: sunfish plays h7h8
Turn 173: skaks plays c3b4
Turn 174: sunfish plays h8h7
Turn 175: skaks plays g2g4
Turn 176: sunfish plays h7h8
Turn 177: skaks plays g4g1
Turn 178: sunfish plays h8h7
Turn 179: skaks plays b4c3
Turn 180: sunfish plays h7h8
Turn 181: skaks plays c3b4
Turn 182: sunfish plays h8h7
Turn 183: skaks plays b4c3
Turn 184: sunfish plays h7h8
Turn 185: skaks plays g1g2
Turn 186: sunfish plays h8h7
Turn 187: skaks plays c3b4
Turn 188: sunfish plays h7h8
Turn 189: skaks plays g2g5
Turn 190: sunfish plays h8h7
Turn 191: skaks plays g5g2
Turn 192: sunfish plays h7h8
Turn 193: skaks plays g2h2
Turn 194: sunfish plays h8g8
Turn 195: skaks plays h2f2
Turn 196: sunfish plays g8h8
Turn 197: skaks plays b4b3
Turn 198: sunfish plays h8g8
Turn 199: skaks plays b3c3
Turn 200: sunfish plays g8h8
Final position FEN: 7k/8/8/8/8/2K5/PP3R2/8 w - - 114 101
Result: 1/2-1/2
Winner: draw
PGN:
[Event "Skaks Validation"]
[Site "Local"]
[Date "2026.01.07"]
[Round "1"]
[White "skaks"]
[Black "sunfish"]
[Result "1/2-1/2"]

1. e4 e5 2. Nf3 Nf6 3. Nxe5 Bd6 4. Nc4 Nxe4 5. Bd3 Qh4 6. g3 Qe7 7. Bxe4 Qxe4+
8. Qe2 Qxe2+ 9. Kxe2 O-O 10. Nxd6 cxd6 11. Nc3 Nc6 12. Re1 Nd4+ 13. Kd3 Nf5 14.
Nb5 a6 15. Nxd6 Nxd6 16. Kc3 Nf5 17. Kb3 d5 18. Rb1 Be6 19. Rxe6 fxe6 20. g4
Nh4 21. Ra1 Rxf2 22. Rb1 Raf8 23. Ra1 Rxh2 24. Rb1 Rff2 25. Ra1 Rxd2 26. Bxd2
Rxd2 27. Re1 Rxc2 28. Kxc2 e5 29. Rxe5 d4 30. Re1 d3+ 31. Kxd3 h6 32. Kc3 Nf5
33. gxf5 g6 34. fxg6 b6 35. Kb3 b5 36. Kc3 b4+ 37. Kxb4 a5+ 38. Kxa5 h5 39. Kb4
h4 40. Kb3 h3 41. Re2 h2 42. Rxh2 Kg7 43. Rf2 Kxg6 44. Kc3 Kg7 45. Kb3 Kg8 46.
Kc3 Kh8 47. Rg2 Kh7 48. Rg3 Kh8 49. Kc4 Kh7 50. Kb3 Kh8 51. Kc4 Kh7 52. Kb3 Kh8
53. Kc3 Kh7 54. Kb4 Kh8 55. Kb3 Kh7 56. Kc3 Kh8 57. Kb3 Kh7 58. Kb4 Kh8 59. Kc3
Kh7 60. Kc4 Kh8 61. Kb4 Kh7 62. Kc4 Kh8 63. Kb4 Kh7 64. Rg1 Kh8 65. Kb3 Kh7 66.
Rg2 Kh8 67. Rg1 Kh7 68. Rg2 Kh8 69. Kc4 Kh7 70. Rg1 Kh8 71. Rg2 Kh7 72. Rg1 Kh8
73. Kc3 Kh7 74. Kb3 Kh8 75. Kc4 Kh7 76. Rg2 Kh8 77. Rg1 Kh7 78. Rg2 Kh8 79. Kb3
Kh7 80. Rg1 Kh8 81. Rg2 Kh7 82. Kc3 Kh8 83. Rg1 Kh7 84. Kb4 Kh8 85. Rg2 Kh7 86.
Kc3 Kh8 87. Kb4 Kh7 88. Rg4 Kh8 89. Rg1 Kh7 90. Kc3 Kh8 91. Kb4 Kh7 92. Kc3 Kh8
93. Rg2 Kh7 94. Kb4 Kh8 95. Rg5 Kh7 96. Rg2 Kh8 97. Rh2+ Kg8 98. Rf2 Kh8 99.
Kb3 Kg8 100. Kc3 Kh8 1/2-1/2
--- stderr ---
Warning: reached move limit (200); terminating early.
[11/20] OK   game=14 result=0-1 (checkmate) winner=sunfish (checkmate) time=  9.30s
--- stdout ---
Turn 1: skaks plays g1f3
Turn 2: sunfish plays b8c6
Turn 3: skaks plays d2d4
Turn 4: sunfish plays d7d5
Turn 5: skaks plays c2c4
Turn 6: sunfish plays d5c4
Turn 7: skaks plays d4d5
Turn 8: sunfish plays c6b4
Turn 9: skaks plays d1a4
Turn 10: sunfish plays c7c6
Turn 11: skaks plays a4b4
Turn 12: sunfish plays c6d5
Turn 13: skaks plays c1f4
Turn 14: sunfish plays e7e5
Turn 15: skaks plays b4b5
Turn 16: sunfish plays c8d7
Turn 17: skaks plays b5b7
Turn 18: sunfish plays e5f4
Turn 19: skaks plays b1c3
Turn 20: sunfish plays a8b8
Turn 21: skaks plays b7a7
Turn 22: sunfish plays b8b2
Turn 23: skaks plays c3d5
Turn 24: sunfish plays f8d6
Turn 25: skaks plays a7d4
Turn 26: sunfish plays d8a5
Turn 27: skaks plays d5c3
Turn 28: sunfish plays b2c2
Turn 29: skaks plays d4g7
Turn 30: sunfish plays c2c3
Turn 31: skaks plays g7c3
Turn 32: sunfish plays a5c3
Turn 33: skaks plays f3d2
Turn 34: sunfish plays c3a1
Turn 35: skaks plays d2b1
Turn 36: sunfish plays a1b1
Turn 37: skaks plays e1d2
Turn 38: sunfish plays d6b4
Turn 39: skaks reports checkmate.
Final position FEN: 4k1nr/3b1p1p/8/8/1bp2p2/8/P2KPPPP/1q3B1R w k - 2 20
Result: 0-1 (checkmate)
Winner: sunfish (checkmate)
PGN:
[Event "Skaks Validation"]
[Site "Local"]
[Date "2026.01.07"]
[Round "1"]
[White "skaks"]
[Black "sunfish"]
[Result "0-1"]
[Termination "checkmate"]

1. Nf3 Nc6 2. d4 d5 3. c4 dxc4 4. d5 Nb4 5. Qa4+ c6 6. Qxb4 cxd5 7. Bf4 e5 8.
Qb5+ Bd7 9. Qxb7 exf4 10. Nc3 Rb8 11. Qxa7 Rxb2 12. Nxd5 Bd6 13. Qd4 Qa5+ 14.
Nc3 Rc2 15. Qxg7 Rxc3 16. Qxc3 Qxc3+ 17. Nd2 Qxa1+ 18. Nb1 Qxb1+ 19. Kd2 Bb4#
0-1
[12/20] OK   game=15 result=1/2-1/2 winner=draw       time=  9.98s
--- stdout ---
Turn 1: skaks plays d2d4
Turn 2: sunfish plays d7d5
Turn 3: skaks plays c2c4
Turn 4: sunfish plays d5c4
Turn 5: skaks plays g1f3
Turn 6: sunfish plays d8d5
Turn 7: skaks plays b1c3
Turn 8: sunfish plays d5f5
Turn 9: skaks plays a2a3
Turn 10: sunfish plays b8c6
Turn 11: skaks plays d4d5
Turn 12: sunfish plays c6e5
Turn 13: skaks plays f3e5
Turn 14: sunfish plays f5e5
Turn 15: skaks plays c1f4
Turn 16: sunfish plays e5f4
Turn 17: skaks plays e2e3
Turn 18: sunfish plays f4h4
Turn 19: skaks plays g2g3
Turn 20: sunfish plays h4g4
Turn 21: skaks plays d1g4
Turn 22: sunfish plays c8g4
Turn 23: skaks plays f1e2
Turn 24: sunfish plays g4e2
Turn 25: skaks plays e1e2
Turn 26: sunfish plays e7e5
Turn 27: skaks plays d5e6
Turn 28: sunfish plays f7e6
Turn 29: skaks plays a1d1
Turn 30: sunfish plays g8f6
Turn 31: skaks plays c3b5
Turn 32: sunfish plays f6d5
Turn 33: skaks plays d1d5
Turn 34: sunfish plays e6d5
Turn 35: skaks plays b5c7
Turn 36: sunfish plays e8f7
Turn 37: skaks plays c7a8
Turn 38: sunfish plays f8d6
Turn 39: skaks plays a8b6
Turn 40: sunfish plays a7b6
Turn 41: skaks plays h1d1
Turn 42: sunfish plays d6e5
Turn 43: skaks plays d1d5
Turn 44: sunfish plays e5b2
Turn 45: skaks plays d5d7
Turn 46: sunfish plays f7e8
Turn 47: skaks plays d7b7
Turn 48: sunfish plays h8f8
Turn 49: skaks plays b7b6
Turn 50: sunfish plays c4c3
Turn 51: skaks plays b6b2
Turn 52: sunfish plays c3b2
Turn 53: skaks plays e2d2
Turn 54: sunfish plays b2b1q
Turn 55: skaks plays d2c3
Turn 56: sunfish plays f8f2
Turn 57: skaks plays c3d4
Turn 58: sunfish plays f2h2
Turn 59: skaks plays d4d5
Turn 60: sunfish plays e8d8
Turn 61: skaks plays d5d6
Turn 62: sunfish plays h2e2
Turn 63: skaks plays d6d5
Turn 64: sunfish plays e2e3
Turn 65: skaks plays d5d4
Turn 66: sunfish plays e3g3
Turn 67: skaks plays d4d5
Turn 68: sunfish plays g3a3
Turn 69: skaks plays d5d6
Turn 70: sunfish plays a3a2
Turn 71: skaks plays d6d5
Turn 72: sunfish plays h7h6
Turn 73: skaks plays d5d6
Turn 74: sunfish plays a2e2
Turn 75: skaks plays d6d5
Turn 76: sunfish plays g7g6
Turn 77: skaks plays d5d6
Turn 78: sunfish plays h6h5
Turn 79: skaks plays d6d5
Turn 80: sunfish plays h5h4
Turn 81: skaks plays d5d6
Turn 82: sunfish plays h4h3
Turn 83: skaks plays d6d5
Turn 84: sunfish plays h3h2
Turn 85: skaks plays d5d4
Turn 86: sunfish plays h2h1q
Turn 87: skaks plays d4c3
Turn 88: sunfish plays h1d1
Turn 89: skaks plays c3c4
Turn 90: sunfish plays d1c2
Turn 91: skaks plays c4d4
Turn 92: sunfish plays c2d3
Turn 93: skaks plays d4c5
Turn 94: sunfish plays d3c2
Turn 95: skaks plays c5d4
Turn 96: sunfish plays c2d3
Turn 97: skaks plays d4c5
Turn 98: sunfish plays d3c2
Turn 99: skaks plays c5d4
Turn 100: sunfish plays c2d3
Turn 101: skaks plays d4c5
Turn 102: sunfish plays d3c2
Turn 103: skaks plays c5d4
Turn 104: sunfish plays c2d3
Turn 105: skaks plays d4c5
Turn 106: sunfish plays d3c2
Turn 107: skaks plays c5d4
Turn 108: sunfish plays c2d3
Turn 109: skaks plays d4c5
Turn 110: sunfish plays d3c2
Turn 111: skaks plays c5d4
Turn 112: sunfish plays c2d3
Turn 113: skaks plays d4c5
Turn 114: sunfish plays d3c2
Turn 115: skaks plays c5d4
Turn 116: sunfish plays c2d3
Turn 117: skaks plays d4c5
Turn 118: sunfish plays d3c2
Turn 119: skaks plays c5d4
Turn 120: sunfish plays c2d3
Turn 121: skaks plays d4c5
Turn 122: sunfish plays d3c2
Turn 123: skaks plays c5d4
Turn 124: sunfish plays c2d3
Turn 125: skaks plays d4c5
Turn 126: sunfish plays d3c2
Turn 127: skaks plays c5d4
Turn 128: sunfish plays c2d3
Turn 129: skaks plays d4c5
Turn 130: sunfish plays d3c2
Turn 131: skaks plays c5d4
Turn 132: sunfish plays c2d3
Turn 133: skaks plays d4c5
Turn 134: sunfish plays d3c2
Turn 135: skaks plays c5d4
Turn 136: sunfish plays c2d3
Turn 137: skaks plays d4c5
Turn 138: sunfish plays d3c2
Turn 139: skaks plays c5d4
Turn 140: sunfish plays c2d3
Turn 141: skaks plays d4c5
Turn 142: sunfish plays d3c2
Turn 143: skaks plays c5d4
Turn 144: sunfish plays c2d3
Turn 145: skaks plays d4c5
Turn 146: sunfish plays d3c2
Turn 147: skaks plays c5d4
Turn 148: sunfish plays c2d3
Turn 149: skaks plays d4c5
Turn 150: sunfish plays d3c2
Turn 151: skaks plays c5d4
Turn 152: sunfish plays c2d3
Turn 153: skaks plays d4c5
Turn 154: sunfish plays d3c2
Turn 155: skaks plays c5d4
Turn 156: sunfish plays c2d3
Turn 157: skaks plays d4c5
Turn 158: sunfish plays d3c2
Turn 159: skaks plays c5d4
Turn 160: sunfish plays c2d3
Turn 161: skaks plays d4c5
Turn 162: sunfish plays d3c2
Turn 163: skaks plays c5d4
Turn 164: sunfish plays c2d3
Turn 165: skaks plays d4c5
Turn 166: sunfish plays d3c2
Turn 167: skaks plays c5d4
Turn 168: sunfish plays c2d3
Turn 169: skaks plays d4c5
Turn 170: sunfish plays d3c2
Turn 171: skaks plays c5d4
Turn 172: sunfish plays c2d3
Turn 173: skaks plays d4c5
Turn 174: sunfish plays d3c2
Turn 175: skaks plays c5d4
Turn 176: sunfish plays c2d3
Turn 177: skaks plays d4c5
Turn 178: sunfish plays d3c2
Turn 179: skaks plays c5d4
Turn 180: sunfish plays c2d3
Turn 181: skaks plays d4c5
Turn 182: sunfish plays d3c2
Turn 183: skaks plays c5d4
Turn 184: sunfish plays c2d3
Turn 185: skaks plays d4c5
Turn 186: sunfish plays d3c2
Turn 187: skaks plays c5d4
Turn 188: sunfish plays c2d3
Turn 189: skaks plays d4c5
Turn 190: sunfish plays d3c2
Turn 191: skaks plays c5d4
Turn 192: sunfish plays c2d3
Turn 193: skaks plays d4c5
Turn 194: sunfish plays d3c2
Turn 195: skaks plays c5d4
Turn 196: sunfish plays c2d3
Turn 197: skaks plays d4c5
Turn 198: sunfish plays d3c2
Turn 199: skaks plays c5d4
Turn 200: sunfish plays c2d3
Final position FEN: 3k4/8/6p1/8/3K4/3q4/4r3/1q6 w - - 114 101
Result: 1/2-1/2
Winner: draw
PGN:
[Event "Skaks Validation"]
[Site "Local"]
[Date "2026.01.07"]
[Round "1"]
[White "skaks"]
[Black "sunfish"]
[Result "1/2-1/2"]

1. d4 d5 2. c4 dxc4 3. Nf3 Qd5 4. Nc3 Qf5 5. a3 Nc6 6. d5 Ne5 7. Nxe5 Qxe5 8.
Bf4 Qxf4 9. e3 Qh4 10. g3 Qg4 11. Qxg4 Bxg4 12. Be2 Bxe2 13. Kxe2 e5 14. dxe6
fxe6 15. Rad1 Nf6 16. Nb5 Nd5 17. Rxd5 exd5 18. Nxc7+ Kf7 19. Nxa8 Bd6 20. Nb6
axb6 21. Rd1 Be5 22. Rxd5 Bxb2 23. Rd7+ Ke8 24. Rxb7 Rf8 25. Rxb6 c3 26. Rxb2
cxb2 27. Kd2 b1=Q 28. Kc3 Rxf2 29. Kd4 Rxh2 30. Kd5 Kd8 31. Kd6 Re2 32. Kd5
Rxe3 33. Kd4 Rxg3 34. Kd5 Rxa3 35. Kd6 Ra2 36. Kd5 h6 37. Kd6 Re2 38. Kd5 g6
39. Kd6 h5 40. Kd5 h4 41. Kd6 h3 42. Kd5 h2 43. Kd4 h1=Q 44. Kc3 Qhd1 45. Kc4
Qdc2+ 46. Kd4 Qd3+ 47. Kc5 Qdc2+ 48. Kd4 Qd3+ 49. Kc5 Qdc2+ 50. Kd4 Qd3+ 51.
Kc5 Qdc2+ 52. Kd4 Qd3+ 53. Kc5 Qdc2+ 54. Kd4 Qd3+ 55. Kc5 Qdc2+ 56. Kd4 Qd3+
57. Kc5 Qdc2+ 58. Kd4 Qd3+ 59. Kc5 Qdc2+ 60. Kd4 Qd3+ 61. Kc5 Qdc2+ 62. Kd4
Qd3+ 63. Kc5 Qdc2+ 64. Kd4 Qd3+ 65. Kc5 Qdc2+ 66. Kd4 Qd3+ 67. Kc5 Qdc2+ 68.
Kd4 Qd3+ 69. Kc5 Qdc2+ 70. Kd4 Qd3+ 71. Kc5 Qdc2+ 72. Kd4 Qd3+ 73. Kc5 Qdc2+
74. Kd4 Qd3+ 75. Kc5 Qdc2+ 76. Kd4 Qd3+ 77. Kc5 Qdc2+ 78. Kd4 Qd3+ 79. Kc5
Qdc2+ 80. Kd4 Qd3+ 81. Kc5 Qdc2+ 82. Kd4 Qd3+ 83. Kc5 Qdc2+ 84. Kd4 Qd3+ 85.
Kc5 Qdc2+ 86. Kd4 Qd3+ 87. Kc5 Qdc2+ 88. Kd4 Qd3+ 89. Kc5 Qdc2+ 90. Kd4 Qd3+
91. Kc5 Qdc2+ 92. Kd4 Qd3+ 93. Kc5 Qdc2+ 94. Kd4 Qd3+ 95. Kc5 Qdc2+ 96. Kd4
Qd3+ 97. Kc5 Qdc2+ 98. Kd4 Qd3+ 99. Kc5 Qdc2+ 100. Kd4 Qd3+ 1/2-1/2
--- stderr ---
Warning: reached move limit (200); terminating early.
[13/20] OK   game=16 result=0-1 (checkmate) winner=sunfish (checkmate) time=  9.05s
--- stdout ---
Turn 1: skaks plays d2d4
Turn 2: sunfish plays b8c6
Turn 3: skaks plays d4d5
Turn 4: sunfish plays c6b4
Turn 5: skaks plays e2e4
Turn 6: sunfish plays e7e5
Turn 7: skaks plays g1f3
Turn 8: sunfish plays g8f6
Turn 9: skaks plays c1g5
Turn 10: sunfish plays h7h6
Turn 11: skaks plays g5f6
Turn 12: sunfish plays d8f6
Turn 13: skaks plays b1d2
Turn 14: sunfish plays f6f4
Turn 15: skaks plays g2g3
Turn 16: sunfish plays f4f6
Turn 17: skaks plays f1b5
Turn 18: sunfish plays f8d6
Turn 19: skaks plays e1g1
Turn 20: sunfish plays a7a6
Turn 21: skaks plays b5a6
Turn 22: sunfish plays a8a6
Turn 23: skaks plays d2c4
Turn 24: sunfish plays e8g8
Turn 25: skaks plays c4d6
Turn 26: sunfish plays c7d6
Turn 27: skaks plays d1e1
Turn 28: sunfish plays b4c2
Turn 29: skaks plays e1e2
Turn 30: sunfish plays c2a1
Turn 31: skaks plays f1a1
Turn 32: sunfish plays f8e8
Turn 33: skaks plays a1c1
Turn 34: sunfish plays a6a2
Turn 35: skaks plays e2c4
Turn 36: sunfish plays a2b2
Turn 37: skaks plays c1c2
Turn 38: sunfish plays b2c2
Turn 39: skaks plays c4c2
Turn 40: sunfish plays f6f3
Turn 41: skaks plays c2e2
Turn 42: sunfish plays f3e2
Turn 43: skaks plays g1h1
Turn 44: sunfish plays e2f1
Turn 45: skaks reports checkmate.
Final position FEN: 2b1r1k1/1p1p1pp1/3p3p/3Pp3/4P3/6P1/5P1P/5q1K w - - 2 23
Result: 0-1 (checkmate)
Winner: sunfish (checkmate)
PGN:
[Event "Skaks Validation"]
[Site "Local"]
[Date "2026.01.07"]
[Round "1"]
[White "skaks"]
[Black "sunfish"]
[Result "0-1"]
[Termination "checkmate"]

1. d4 Nc6 2. d5 Nb4 3. e4 e5 4. Nf3 Nf6 5. Bg5 h6 6. Bxf6 Qxf6 7. Nbd2 Qf4 8.
g3 Qf6 9. Bb5 Bd6 10. O-O a6 11. Bxa6 Rxa6 12. Nc4 O-O 13. Nxd6 cxd6 14. Qe1
Nxc2 15. Qe2 Nxa1 16. Rxa1 Re8 17. Rc1 Rxa2 18. Qc4 Rxb2 19. Rc2 Rxc2 20. Qxc2
Qxf3 21. Qe2 Qxe2 22. Kh1 Qf1# 0-1
[14/20] OK   game=17 result=1/2-1/2 winner=draw       time= 11.07s
--- stdout ---
Turn 1: skaks plays e2e4
Turn 2: sunfish plays e7e5
Turn 3: skaks plays g1f3
Turn 4: sunfish plays g8f6
Turn 5: skaks plays f3e5
Turn 6: sunfish plays f8d6
Turn 7: skaks plays e5c4
Turn 8: sunfish plays f6e4
Turn 9: skaks plays f1d3
Turn 10: sunfish plays d8h4
Turn 11: skaks plays g2g3
Turn 12: sunfish plays h4e7
Turn 13: skaks plays d3e4
Turn 14: sunfish plays e7e4
Turn 15: skaks plays d1e2
Turn 16: sunfish plays e4e2
Turn 17: skaks plays e1e2
Turn 18: sunfish plays e8g8
Turn 19: skaks plays c4d6
Turn 20: sunfish plays c7d6
Turn 21: skaks plays b1c3
Turn 22: sunfish plays b8c6
Turn 23: skaks plays h1e1
Turn 24: sunfish plays c6d4
Turn 25: skaks plays e2d3
Turn 26: sunfish plays d4f5
Turn 27: skaks plays c3b5
Turn 28: sunfish plays f8d8
Turn 29: skaks plays g3g4
Turn 30: sunfish plays f5h6
Turn 31: skaks plays b5d6
Turn 32: sunfish plays h6g4
Turn 33: skaks plays d6f7
Turn 34: sunfish plays g8f7
Turn 35: skaks plays d3c4
Turn 36: sunfish plays g4f2
Turn 37: skaks plays e1f1
Turn 38: sunfish plays d7d5
Turn 39: skaks plays c4b3
Turn 40: sunfish plays f7g8
Turn 41: skaks plays f1f2
Turn 42: sunfish plays c8d7
Turn 43: skaks plays a1b1
Turn 44: sunfish plays d5d4
Turn 45: skaks plays b3c4
Turn 46: sunfish plays a8c8
Turn 47: skaks plays c4d4
Turn 48: sunfish plays c8c2
Turn 49: skaks plays d4d3
Turn 50: sunfish plays c2c1
Turn 51: skaks plays b1c1
Turn 52: sunfish plays d7c6
Turn 53: skaks plays d3c3
Turn 54: sunfish plays a7a6
Turn 55: skaks plays c3b3
Turn 56: sunfish plays d8d3
Turn 57: skaks plays c1c3
Turn 58: sunfish plays d3c3
Turn 59: skaks plays b3c3
Turn 60: sunfish plays h7h6
Turn 61: skaks plays c3b3
Turn 62: sunfish plays c6e4
Turn 63: skaks plays f2f4
Turn 64: sunfish plays e4d3
Turn 65: skaks plays f4f3
Turn 66: sunfish plays d3e4
Turn 67: skaks plays f3f4
Turn 68: sunfish plays e4d3
Turn 69: skaks plays f4f3
Turn 70: sunfish plays d3e4
Turn 71: skaks plays f3f2
Turn 72: sunfish plays e4d3
Turn 73: skaks plays b3c3
Turn 74: sunfish plays d3e4
Turn 75: skaks plays c3d4
Turn 76: sunfish plays e4c2
Turn 77: skaks plays d4c3
Turn 78: sunfish plays c2e4
Turn 79: skaks plays c3d4
Turn 80: sunfish plays e4c2
Turn 81: skaks plays d4c3
Turn 82: sunfish plays c2e4
Turn 83: skaks plays a2a3
Turn 84: sunfish plays g7g6
Turn 85: skaks plays c3d4
Turn 86: sunfish plays e4f5
Turn 87: skaks plays f2f5
Turn 88: sunfish plays g6f5
Turn 89: skaks plays d4c4
Turn 90: sunfish plays b7b6
Turn 91: skaks plays c4b3
Turn 92: sunfish plays b6b5
Turn 93: skaks plays b3c3
Turn 94: sunfish plays b5b4
Turn 95: skaks plays c3b4
Turn 96: sunfish plays h6h5
Turn 97: skaks plays b4b3
Turn 98: sunfish plays h5h4
Turn 99: skaks plays b3c4
Turn 100: sunfish plays h4h3
Turn 101: skaks plays c4b3
Turn 102: sunfish plays a6a5
Turn 103: skaks plays b3c4
Turn 104: sunfish plays a5a4
Turn 105: skaks plays c4b4
Turn 106: sunfish plays f5f4
Turn 107: skaks plays b4a4
Turn 108: sunfish plays f4f3
Turn 109: skaks plays a4b3
Turn 110: sunfish plays f3f2
Turn 111: skaks plays b3c4
Turn 112: sunfish plays f2f1q
Turn 113: skaks plays c4b3
Turn 114: sunfish plays f1b1
Turn 115: skaks plays b3b4
Turn 116: sunfish plays b1b2
Turn 117: skaks plays b4c4
Turn 118: sunfish plays b2b1
Turn 119: skaks plays c4d4
Turn 120: sunfish plays b1c2
Turn 121: skaks plays d4e5
Turn 122: sunfish plays c2b1
Turn 123: skaks plays e5f4
Turn 124: sunfish plays b1c2
Turn 125: skaks plays f4g3
Turn 126: sunfish plays c2b1
Turn 127: skaks plays g3h3
Turn 128: sunfish plays b1c2
Turn 129: skaks plays h3g3
Turn 130: sunfish plays c2b1
Turn 131: skaks plays g3f3
Turn 132: sunfish plays b1c2
Turn 133: skaks plays f3g3
Turn 134: sunfish plays c2b1
Turn 135: skaks plays g3f3
Turn 136: sunfish plays b1c2
Turn 137: skaks plays f3g3
Turn 138: sunfish plays c2b1
Turn 139: skaks plays d2d3
Turn 140: sunfish plays b1d3
Turn 141: skaks plays g3g4
Turn 142: sunfish plays d3b1
Turn 143: skaks plays g4g3
Turn 144: sunfish plays b1c2
Turn 145: skaks plays g3g4
Turn 146: sunfish plays c2b1
Turn 147: skaks plays g4g3
Turn 148: sunfish plays b1c2
Turn 149: skaks plays g3g4
Turn 150: sunfish plays c2b1
Turn 151: skaks plays h2h3
Turn 152: sunfish plays b1c2
Turn 153: skaks plays g4g3
Turn 154: sunfish plays c2b1
Turn 155: skaks plays g3f3
Turn 156: sunfish plays b1c2
Turn 157: skaks plays f3g4
Turn 158: sunfish plays c2b1
Turn 159: skaks plays g4g3
Turn 160: sunfish plays b1c2
Turn 161: skaks plays g3g4
Turn 162: sunfish plays c2b1
Turn 163: skaks plays g4g3
Turn 164: sunfish plays b1c2
Turn 165: skaks plays g3g4
Turn 166: sunfish plays c2b1
Turn 167: skaks plays a3a4
Turn 168: sunfish plays b1c2
Turn 169: skaks plays a4a5
Turn 170: sunfish plays c2b1
Turn 171: skaks plays g4g3
Turn 172: sunfish plays b1c2
Turn 173: skaks plays g3g4
Turn 174: sunfish plays c2b1
Turn 175: skaks plays g4g3
Turn 176: sunfish plays b1c2
Turn 177: skaks plays g3g4
Turn 178: sunfish plays c2b1
Turn 179: skaks plays h3h4
Turn 180: sunfish plays b1c2
Turn 181: skaks plays a5a6
Turn 182: sunfish plays c2b1
Turn 183: skaks plays g4g3
Turn 184: sunfish plays b1c2
Turn 185: skaks plays g3g4
Turn 186: sunfish plays c2b1
Turn 187: skaks plays g4g3
Turn 188: sunfish plays b1c2
Turn 189: skaks plays g3g4
Turn 190: sunfish plays c2b1
Turn 191: skaks plays h4h5
Turn 192: sunfish plays b1c2
Turn 193: skaks plays h5h6
Turn 194: sunfish plays c2b1
Turn 195: skaks plays g4g3
Turn 196: sunfish plays b1c2
Turn 197: skaks plays g3g4
Turn 198: sunfish plays c2b1
Turn 199: skaks plays g4g3
Turn 200: sunfish plays b1c2
Final position FEN: 6k1/8/P6P/8/8/6K1/2q5/8 w - - 7 101
Result: 1/2-1/2
Winner: draw
PGN:
[Event "Skaks Validation"]
[Site "Local"]
[Date "2026.01.07"]
[Round "1"]
[White "skaks"]
[Black "sunfish"]
[Result "1/2-1/2"]

1. e4 e5 2. Nf3 Nf6 3. Nxe5 Bd6 4. Nc4 Nxe4 5. Bd3 Qh4 6. g3 Qe7 7. Bxe4 Qxe4+
8. Qe2 Qxe2+ 9. Kxe2 O-O 10. Nxd6 cxd6 11. Nc3 Nc6 12. Re1 Nd4+ 13. Kd3 Nf5 14.
Nb5 Rd8 15. g4 Nh6 16. Nxd6 Nxg4 17. Nxf7 Kxf7 18. Kc4 Nxf2 19. Rf1 d5+ 20. Kb3
Kg8 21. Rxf2 Bd7 22. Rb1 d4 23. Kc4 Rac8+ 24. Kxd4 Rxc2 25. Kd3 Rxc1 26. Rxc1
Bc6+ 27. Kc3 a6 28. Kb3 Rd3+ 29. Rc3 Rxc3+ 30. Kxc3 h6 31. Kb3 Be4 32. Rf4 Bd3
33. Rf3 Be4 34. Rf4 Bd3 35. Rf3 Be4 36. Rf2 Bd3 37. Kc3 Be4 38. Kd4 Bc2 39. Kc3
Be4 40. Kd4 Bc2 41. Kc3 Be4 42. a3 g6 43. Kd4 Bf5 44. Rxf5 gxf5 45. Kc4 b6 46.
Kb3 b5 47. Kc3 b4+ 48. Kxb4 h5 49. Kb3 h4 50. Kc4 h3 51. Kb3 a5 52. Kc4 a4 53.
Kb4 f4 54. Kxa4 f3 55. Kb3 f2 56. Kc4 f1=Q+ 57. Kb3 Qb1 58. Kb4 Qxb2+ 59. Kc4
Qb1 60. Kd4 Qc2 61. Ke5 Qb1 62. Kf4 Qc2 63. Kg3 Qb1 64. Kxh3 Qc2 65. Kg3 Qb1
66. Kf3 Qc2 67. Kg3 Qb1 68. Kf3 Qc2 69. Kg3 Qb1 70. d3 Qxd3+ 71. Kg4 Qb1 72.
Kg3 Qc2 73. Kg4 Qb1 74. Kg3 Qc2 75. Kg4 Qb1 76. h3 Qc2 77. Kg3 Qb1 78. Kf3 Qc2
79. Kg4 Qb1 80. Kg3 Qc2 81. Kg4 Qb1 82. Kg3 Qc2 83. Kg4 Qb1 84. a4 Qc2 85. a5
Qb1 86. Kg3 Qc2 87. Kg4 Qb1 88. Kg3 Qc2 89. Kg4 Qb1 90. h4 Qc2 91. a6 Qb1 92.
Kg3 Qc2 93. Kg4 Qb1 94. Kg3 Qc2 95. Kg4 Qb1 96. h5 Qc2 97. h6 Qb1 98. Kg3 Qc2
99. Kg4 Qb1 100. Kg3 Qc2 1/2-1/2
--- stderr ---
Warning: reached move limit (200); terminating early.
[15/20] OK   game=18 result=0-1 (checkmate) winner=sunfish (checkmate) time= 11.23s
--- stdout ---
Turn 1: skaks plays e2e4
Turn 2: sunfish plays e7e5
Turn 3: skaks plays g1f3
Turn 4: sunfish plays g8f6
Turn 5: skaks plays d2d4
Turn 6: sunfish plays f6e4
Turn 7: skaks plays f1d3
Turn 8: sunfish plays f8b4
Turn 9: skaks plays e1f1
Turn 10: sunfish plays d7d5
Turn 11: skaks plays d3e4
Turn 12: sunfish plays d5e4
Turn 13: skaks plays f3e5
Turn 14: sunfish plays b8c6
Turn 15: skaks plays e5c6
Turn 16: sunfish plays b7c6
Turn 17: skaks plays c1f4
Turn 18: sunfish plays c8a6
Turn 19: skaks plays f1g1
Turn 20: sunfish plays e8g8
Turn 21: skaks plays f4c7
Turn 22: sunfish plays d8c7
Turn 23: skaks plays b1d2
Turn 24: sunfish plays c7f4
Turn 25: skaks plays g2g3
Turn 26: sunfish plays f4d2
Turn 27: skaks plays d1d2
Turn 28: sunfish plays b4d2
Turn 29: skaks plays a1d1
Turn 30: sunfish plays e4e3
Turn 31: skaks plays d1d2
Turn 32: sunfish plays e3d2
Turn 33: skaks plays g1g2
Turn 34: sunfish plays a6e2
Turn 35: skaks plays h1e1
Turn 36: sunfish plays d2e1q
Turn 37: skaks plays g2h3
Turn 38: sunfish plays e1f2
Turn 39: skaks plays d4d5
Turn 40: sunfish plays c6d5
Turn 41: skaks plays h3h4
Turn 42: sunfish plays e2a6
Turn 43: skaks plays h4h3
Turn 44: sunfish plays a8e8
Turn 45: skaks plays h3h4
Turn 46: sunfish plays f2c2
Turn 47: skaks plays g3g4
Turn 48: sunfish plays c2h2
Turn 49: skaks plays h4g5
Turn 50: sunfish plays e8e5
Turn 51: skaks reports checkmate.
Final position FEN: 5rk1/p4ppp/b7/3pr1K1/6P1/8/PP5q/8 w - - 2 26
Result: 0-1 (checkmate)
Winner: sunfish (checkmate)
PGN:
[Event "Skaks Validation"]
[Site "Local"]
[Date "2026.01.07"]
[Round "1"]
[White "skaks"]
[Black "sunfish"]
[Result "0-1"]
[Termination "checkmate"]

1. e4 e5 2. Nf3 Nf6 3. d4 Nxe4 4. Bd3 Bb4+ 5. Kf1 d5 6. Bxe4 dxe4 7. Nxe5 Nc6
8. Nxc6 bxc6 9. Bf4 Ba6+ 10. Kg1 O-O 11. Bxc7 Qxc7 12. Nd2 Qf4 13. g3 Qxd2 14.
Qxd2 Bxd2 15. Rd1 e3 16. Rxd2 exd2 17. Kg2 Be2 18. Re1 dxe1=Q 19. Kh3 Qxf2 20.
d5 cxd5 21. Kh4 Ba6 22. Kh3 Rae8 23. Kh4 Qxc2 24. g4 Qxh2+ 25. Kg5 Re5# 0-1
[16/20] OK   game=19 result=1/2-1/2 winner=draw       time= 11.24s
--- stdout ---
Turn 1: skaks plays e2e4
Turn 2: sunfish plays e7e5
Turn 3: skaks plays g1f3
Turn 4: sunfish plays g8f6
Turn 5: skaks plays f3e5
Turn 6: sunfish plays f8d6
Turn 7: skaks plays e5c4
Turn 8: sunfish plays f6e4
Turn 9: skaks plays f1d3
Turn 10: sunfish plays d8h4
Turn 11: skaks plays g2g3
Turn 12: sunfish plays h4e7
Turn 13: skaks plays d3e4
Turn 14: sunfish plays e7e4
Turn 15: skaks plays d1e2
Turn 16: sunfish plays e4e2
Turn 17: skaks plays e1e2
Turn 18: sunfish plays e8g8
Turn 19: skaks plays c4d6
Turn 20: sunfish plays c7d6
Turn 21: skaks plays b1c3
Turn 22: sunfish plays b8c6
Turn 23: skaks plays h1e1
Turn 24: sunfish plays c6d4
Turn 25: skaks plays e2d3
Turn 26: sunfish plays d4f5
Turn 27: skaks plays c3b5
Turn 28: sunfish plays f8d8
Turn 29: skaks plays g3g4
Turn 30: sunfish plays f5h6
Turn 31: skaks plays b5d6
Turn 32: sunfish plays h6g4
Turn 33: skaks plays d6f7
Turn 34: sunfish plays g8f7
Turn 35: skaks plays d3c4
Turn 36: sunfish plays g4f2
Turn 37: skaks plays e1f1
Turn 38: sunfish plays d7d5
Turn 39: skaks plays c4b3
Turn 40: sunfish plays d5d4
Turn 41: skaks plays f1f2
Turn 42: sunfish plays f7g8
Turn 43: skaks plays a1b1
Turn 44: sunfish plays c8e6
Turn 45: skaks plays b3b4
Turn 46: sunfish plays e6a2
Turn 47: skaks plays b1a1
Turn 48: sunfish plays a2d5
Turn 49: skaks plays a1a7
Turn 50: sunfish plays a8a7
Turn 51: skaks plays f2f4
Turn 52: sunfish plays a7a1
Turn 53: skaks plays f4d4
Turn 54: sunfish plays a1c1
Turn 55: skaks plays d4d5
Turn 56: sunfish plays d8d5
Turn 57: skaks plays b4b3
Turn 58: sunfish plays d5d2
Turn 59: skaks plays b3c3
Turn 60: sunfish plays c1c2
Turn 61: skaks plays c3b3
Turn 62: sunfish plays c2b2
Turn 63: skaks plays b3c3
Turn 64: sunfish plays d2h2
Turn 65: skaks plays c3d4
Turn 66: sunfish plays b2e2
Turn 67: skaks plays d4c4
Turn 68: sunfish plays h7h6
Turn 69: skaks plays c4b4
Turn 70: sunfish plays g7g6
Turn 71: skaks plays b4c4
Turn 72: sunfish plays h2f2
Turn 73: skaks plays c4b4
Turn 74: sunfish plays b7b6
Turn 75: skaks plays b4c4
Turn 76: sunfish plays f2h2
Turn 77: skaks plays c4b5
Turn 78: sunfish plays h2f2
Turn 79: skaks plays b5b6
Turn 80: sunfish plays f2h2
Turn 81: skaks plays b6b5
Turn 82: sunfish plays h2f2
Turn 83: skaks plays b5c4
Turn 84: sunfish plays f2h2
Turn 85: skaks plays c4b4
Turn 86: sunfish plays h2f2
Turn 87: skaks plays b4c4
Turn 88: sunfish plays f2h2
Turn 89: skaks plays c4b4
Turn 90: sunfish plays h2f2
Turn 91: skaks plays b4c4
Turn 92: sunfish plays f2h2
Turn 93: skaks plays c4b3
Turn 94: sunfish plays h2f2
Turn 95: skaks plays b3c4
Turn 96: sunfish plays f2h2
Turn 97: skaks plays c4b3
Turn 98: sunfish plays h2f2
Turn 99: skaks plays b3c4
Turn 100: sunfish plays f2h2
Turn 101: skaks plays c4b3
Turn 102: sunfish plays h2f2
Turn 103: skaks plays b3a3
Turn 104: sunfish plays f2h2
Turn 105: skaks plays a3b3
Turn 106: sunfish plays h2f2
Turn 107: skaks plays b3a3
Turn 108: sunfish plays f2h2
Turn 109: skaks plays a3b3
Turn 110: sunfish plays h2f2
Turn 111: skaks plays b3a3
Turn 112: sunfish plays f2h2
Turn 113: skaks plays a3b3
Turn 114: sunfish plays h2f2
Turn 115: skaks plays b3a3
Turn 116: sunfish plays f2h2
Turn 117: skaks plays a3b3
Turn 118: sunfish plays h2f2
Turn 119: skaks plays b3a3
Turn 120: sunfish plays f2h2
Turn 121: skaks plays a3b3
Turn 122: sunfish plays h2f2
Turn 123: skaks plays b3a3
Turn 124: sunfish plays f2h2
Turn 125: skaks plays a3b3
Turn 126: sunfish plays h2f2
Turn 127: skaks plays b3a3
Turn 128: sunfish plays f2h2
Turn 129: skaks plays a3b3
Turn 130: sunfish plays h2f2
Turn 131: skaks plays b3a3
Turn 132: sunfish plays f2h2
Turn 133: skaks plays a3b3
Turn 134: sunfish plays h2f2
Turn 135: skaks plays b3a3
Turn 136: sunfish plays f2h2
Turn 137: skaks plays a3b3
Turn 138: sunfish plays h2f2
Turn 139: skaks plays b3a3
Turn 140: sunfish plays f2h2
Turn 141: skaks plays a3b3
Turn 142: sunfish plays h2f2
Turn 143: skaks plays b3a3
Turn 144: sunfish plays f2h2
Turn 145: skaks plays a3b3
Turn 146: sunfish plays h2f2
Turn 147: skaks plays b3a3
Turn 148: sunfish plays f2h2
Turn 149: skaks plays a3b3
Turn 150: sunfish plays h2f2
Turn 151: skaks plays b3a3
Turn 152: sunfish plays f2h2
Turn 153: skaks plays a3b3
Turn 154: sunfish plays h2f2
Turn 155: skaks plays b3a3
Turn 156: sunfish plays f2h2
Turn 157: skaks plays a3b3
Turn 158: sunfish plays h2f2
Turn 159: skaks plays b3a3
Turn 160: sunfish plays f2h2
Turn 161: skaks plays a3b3
Turn 162: sunfish plays h2f2
Turn 163: skaks plays b3a3
Turn 164: sunfish plays f2h2
Turn 165: skaks plays a3b3
Turn 166: sunfish plays h2f2
Turn 167: skaks plays b3a3
Turn 168: sunfish plays f2h2
Turn 169: skaks plays a3b3
Turn 170: sunfish plays h2f2
Turn 171: skaks plays b3a3
Turn 172: sunfish plays f2h2
Turn 173: skaks plays a3b3
Turn 174: sunfish plays h2f2
Turn 175: skaks plays b3a3
Turn 176: sunfish plays f2h2
Turn 177: skaks plays a3b3
Turn 178: sunfish plays h2f2
Turn 179: skaks plays b3a3
Turn 180: sunfish plays f2h2
Turn 181: skaks plays a3b3
Turn 182: sunfish plays h2f2
Turn 183: skaks plays b3a3
Turn 184: sunfish plays f2h2
Turn 185: skaks plays a3b3
Turn 186: sunfish plays h2f2
Turn 187: skaks plays b3a3
Turn 188: sunfish plays f2h2
Turn 189: skaks plays a3b3
Turn 190: sunfish plays h2f2
Turn 191: skaks plays b3a3
Turn 192: sunfish plays f2h2
Turn 193: skaks plays a3b3
Turn 194: sunfish plays h2f2
Turn 195: skaks plays b3a3
Turn 196: sunfish plays f2h2
Turn 197: skaks plays a3b3
Turn 198: sunfish plays h2f2
Turn 199: skaks plays b3a3
Turn 200: sunfish plays f2h2
Final position FEN: 6k1/8/6pp/8/8/K7/4r2r/8 w - - 121 101
Result: 1/2-1/2
Winner: draw
PGN:
[Event "Skaks Validation"]
[Site "Local"]
[Date "2026.01.07"]
[Round "1"]
[White "skaks"]
[Black "sunfish"]
[Result "1/2-1/2"]

1. e4 e5 2. Nf3 Nf6 3. Nxe5 Bd6 4. Nc4 Nxe4 5. Bd3 Qh4 6. g3 Qe7 7. Bxe4 Qxe4+
8. Qe2 Qxe2+ 9. Kxe2 O-O 10. Nxd6 cxd6 11. Nc3 Nc6 12. Re1 Nd4+ 13. Kd3 Nf5 14.
Nb5 Rd8 15. g4 Nh6 16. Nxd6 Nxg4 17. Nxf7 Kxf7 18. Kc4 Nxf2 19. Rf1 d5+ 20. Kb3
d4 21. Rxf2+ Kg8 22. Rb1 Be6+ 23. Kb4 Bxa2 24. Ra1 Bd5 25. Rxa7 Rxa7 26. Rf4
Ra1 27. Rxd4 Rxc1 28. Rxd5 Rxd5 29. Kb3 Rxd2 30. Kc3 Rcxc2+ 31. Kb3 Rxb2+ 32.
Kc3 Rxh2 33. Kd4 Rbe2 34. Kc4 h6 35. Kb4 g6 36. Kc4 Rhf2 37. Kb4 b6 38. Kc4 Rh2
39. Kb5 Rhf2 40. Kxb6 Rh2 41. Kb5 Rhf2 42. Kc4 Rh2 43. Kb4 Rhf2 44. Kc4 Rh2 45.
Kb4 Rhf2 46. Kc4 Rh2 47. Kb3 Rhf2 48. Kc4 Rh2 49. Kb3 Rhf2 50. Kc4 Rh2 51. Kb3
Rhf2 52. Ka3 Rh2 53. Kb3 Rhf2 54. Ka3 Rh2 55. Kb3 Rhf2 56. Ka3 Rh2 57. Kb3 Rhf2
58. Ka3 Rh2 59. Kb3 Rhf2 60. Ka3 Rh2 61. Kb3 Rhf2 62. Ka3 Rh2 63. Kb3 Rhf2 64.
Ka3 Rh2 65. Kb3 Rhf2 66. Ka3 Rh2 67. Kb3 Rhf2 68. Ka3 Rh2 69. Kb3 Rhf2 70. Ka3
Rh2 71. Kb3 Rhf2 72. Ka3 Rh2 73. Kb3 Rhf2 74. Ka3 Rh2 75. Kb3 Rhf2 76. Ka3 Rh2
77. Kb3 Rhf2 78. Ka3 Rh2 79. Kb3 Rhf2 80. Ka3 Rh2 81. Kb3 Rhf2 82. Ka3 Rh2 83.
Kb3 Rhf2 84. Ka3 Rh2 85. Kb3 Rhf2 86. Ka3 Rh2 87. Kb3 Rhf2 88. Ka3 Rh2 89. Kb3
Rhf2 90. Ka3 Rh2 91. Kb3 Rhf2 92. Ka3 Rh2 93. Kb3 Rhf2 94. Ka3 Rh2 95. Kb3 Rhf2
96. Ka3 Rh2 97. Kb3 Rhf2 98. Ka3 Rh2 99. Kb3 Rhf2 100. Ka3 Rh2 1/2-1/2
--- stderr ---
Warning: reached move limit (200); terminating early.
[17/20] OK   game=20 result=1/2-1/2 winner=draw       time= 10.59s
--- stdout ---
Turn 1: skaks plays e2e4
Turn 2: sunfish plays e7e5
Turn 3: skaks plays g1f3
Turn 4: sunfish plays g8f6
Turn 5: skaks plays f3e5
Turn 6: sunfish plays f8d6
Turn 7: skaks plays e5c4
Turn 8: sunfish plays f6e4
Turn 9: skaks plays f1d3
Turn 10: sunfish plays d8h4
Turn 11: skaks plays g2g3
Turn 12: sunfish plays h4e7
Turn 13: skaks plays d3e4
Turn 14: sunfish plays e7e4
Turn 15: skaks plays d1e2
Turn 16: sunfish plays e4e2
Turn 17: skaks plays e1e2
Turn 18: sunfish plays e8g8
Turn 19: skaks plays c4d6
Turn 20: sunfish plays c7d6
Turn 21: skaks plays b1c3
Turn 22: sunfish plays b8c6
Turn 23: skaks plays h1e1
Turn 24: sunfish plays c6d4
Turn 25: skaks plays e2d3
Turn 26: sunfish plays d4f5
Turn 27: skaks plays g3g4
Turn 28: sunfish plays f5h6
Turn 29: skaks plays g4g5
Turn 30: sunfish plays h6g4
Turn 31: skaks plays d3c4
Turn 32: sunfish plays g4f2
Turn 33: skaks plays e1e2
Turn 34: sunfish plays f2h3
Turn 35: skaks plays d2d3
Turn 36: sunfish plays f7f6
Turn 37: skaks plays g5f6
Turn 38: sunfish plays f8f6
Turn 39: skaks plays c1e3
Turn 40: sunfish plays f6f5
Turn 41: skaks plays e3a7
Turn 42: sunfish plays a8a7
Turn 43: skaks plays e2e8
Turn 44: sunfish plays f5f8
Turn 45: skaks plays e8f8
Turn 46: sunfish plays g8f8
Turn 47: skaks plays a1f1
Turn 48: sunfish plays f8g8
Turn 49: skaks plays f1f3
Turn 50: sunfish plays b7b5
Turn 51: skaks plays c3b5
Turn 52: sunfish plays a7a4
Turn 53: skaks plays c4b3
Turn 54: sunfish plays a4h4
Turn 55: skaks plays b5d6
Turn 56: sunfish plays c8a6
Turn 57: skaks plays f3h3
Turn 58: sunfish plays h4h3
Turn 59: skaks plays d6e4
Turn 60: sunfish plays h3h2
Turn 61: skaks plays e4c5
Turn 62: sunfish plays a6d3
Turn 63: skaks plays c5d3
Turn 64: sunfish plays d7d5
Turn 65: skaks plays d3f4
Turn 66: sunfish plays h7h6
Turn 67: skaks plays f4d5
Turn 68: sunfish plays h2e2
Turn 69: skaks plays d5f4
Turn 70: sunfish plays e2f2
Turn 71: skaks plays f4d3
Turn 72: sunfish plays f2e2
Turn 73: skaks plays d3f4
Turn 74: sunfish plays e2f2
Turn 75: skaks plays f4d3
Turn 76: sunfish plays f2e2
Turn 77: skaks plays b3c4
Turn 78: sunfish plays e2c2
Turn 79: skaks plays c4b3
Turn 80: sunfish plays c2e2
Turn 81: skaks plays d3f4
Turn 82: sunfish plays e2f2
Turn 83: skaks plays f4d3
Turn 84: sunfish plays f2e2
Turn 85: skaks plays d3f4
Turn 86: sunfish plays e2f2
Turn 87: skaks plays f4d3
Turn 88: sunfish plays f2e2
Turn 89: skaks plays a2a3
Turn 90: sunfish plays g7g6
Turn 91: skaks plays d3f4
Turn 92: sunfish plays e2f2
Turn 93: skaks plays f4g6
Turn 94: sunfish plays f2e2
Turn 95: skaks plays g6f4
Turn 96: sunfish plays e2f2
Turn 97: skaks plays f4d3
Turn 98: sunfish plays f2e2
Turn 99: skaks plays d3f4
Turn 100: sunfish plays e2f2
Turn 101: skaks plays f4d3
Turn 102: sunfish plays f2e2
Turn 103: skaks plays b3c4
Turn 104: sunfish plays h6h5
Turn 105: skaks plays d3f4
Turn 106: sunfish plays e2b2
Turn 107: skaks plays c4c3
Turn 108: sunfish plays b2a2
Turn 109: skaks plays c3b3
Turn 110: sunfish plays a2f2
Turn 111: skaks plays f4d3
Turn 112: sunfish plays f2e2
Turn 113: skaks plays d3f4
Turn 114: sunfish plays e2f2
Turn 115: skaks plays f4d3
Turn 116: sunfish plays f2e2
Turn 117: skaks plays d3f4
Turn 118: sunfish plays e2f2
Turn 119: skaks plays a3a4
Turn 120: sunfish plays f2f4
Turn 121: skaks plays b3b2
Turn 122: sunfish plays f4a4
Turn 123: skaks plays b2b3
Turn 124: sunfish plays a4a2
Turn 125: skaks plays b3a2
Turn 126: sunfish plays h5h4
Turn 127: skaks plays a2b3
Turn 128: sunfish plays h4h3
Turn 129: skaks plays b3c3
Turn 130: sunfish plays h3h2
Turn 131: skaks plays c3b3
Turn 132: sunfish plays h2h1q
Turn 133: skaks plays b3c3
Turn 134: sunfish plays h1b1
Turn 135: skaks plays c3d4
Turn 136: sunfish plays b1c2
Turn 137: skaks plays d4e5
Turn 138: sunfish plays c2b1
Turn 139: skaks plays e5d6
Turn 140: sunfish plays b1c2
Turn 141: skaks plays d6e7
Turn 142: sunfish plays c2b1
Turn 143: skaks plays e7d6
Turn 144: sunfish plays b1c2
Turn 145: skaks plays d6e7
Turn 146: sunfish plays c2b1
Turn 147: skaks plays e7d6
Turn 148: sunfish plays b1c2
Turn 149: skaks plays d6d5
Turn 150: sunfish plays c2b1
Turn 151: skaks plays d5d6
Turn 152: sunfish plays b1c2
Turn 153: skaks plays d6d5
Turn 154: sunfish plays c2b1
Turn 155: skaks plays d5d6
Turn 156: sunfish plays b1c2
Turn 157: skaks plays d6d5
Turn 158: sunfish plays c2b1
Turn 159: skaks plays d5c4
Turn 160: sunfish plays b1c2
Turn 161: skaks plays c4d5
Turn 162: sunfish plays c2b1
Turn 163: skaks plays d5c4
Turn 164: sunfish plays b1c2
Turn 165: skaks plays c4d5
Turn 166: sunfish plays c2b1
Turn 167: skaks plays d5c4
Turn 168: sunfish plays b1c2
Turn 169: skaks plays c4b4
Turn 170: sunfish plays c2b1
Turn 171: skaks plays b4c4
Turn 172: sunfish plays b1c2
Turn 173: skaks plays c4b4
Turn 174: sunfish plays c2b1
Turn 175: skaks plays b4c4
Turn 176: sunfish plays b1c2
Turn 177: skaks plays c4b4
Turn 178: sunfish plays c2b1
Turn 179: skaks plays b4a3
Turn 180: sunfish plays b1c2
Turn 181: skaks plays a3b4
Turn 182: sunfish plays c2b1
Turn 183: skaks plays b4a3
Turn 184: sunfish plays b1c2
Turn 185: skaks plays a3b4
Turn 186: sunfish plays c2b1
Turn 187: skaks plays b4a3
Turn 188: sunfish plays b1c2
Turn 189: skaks plays a3b4
Turn 190: sunfish plays c2b1
Turn 191: skaks plays b4a3
Turn 192: sunfish plays b1c2
Turn 193: skaks plays a3b4
Turn 194: sunfish plays c2b1
Turn 195: skaks plays b4a3
Turn 196: sunfish plays b1c2
Turn 197: skaks plays a3b4
Turn 198: sunfish plays c2b1
Turn 199: skaks plays b4a3
Turn 200: sunfish plays b1c2
Final position FEN: 6k1/8/8/8/8/K7/2q5/8 w - - 68 101
Result: 1/2-1/2
Winner: draw
PGN:
[Event "Skaks Validation"]
[Site "Local"]
[Date "2026.01.07"]
[Round "1"]
[White "skaks"]
[Black "sunfish"]
[Result "1/2-1/2"]

1. e4 e5 2. Nf3 Nf6 3. Nxe5 Bd6 4. Nc4 Nxe4 5. Bd3 Qh4 6. g3 Qe7 7. Bxe4 Qxe4+
8. Qe2 Qxe2+ 9. Kxe2 O-O 10. Nxd6 cxd6 11. Nc3 Nc6 12. Re1 Nd4+ 13. Kd3 Nf5 14.
g4 Nh6 15. g5 Ng4 16. Kc4 Nxf2 17. Re2 Nh3 18. d3 f6 19. gxf6 Rxf6 20. Be3 Rf5
21. Bxa7 Rxa7 22. Re8+ Rf8 23. Rxf8+ Kxf8 24. Rf1+ Kg8 25. Rf3 b5+ 26. Nxb5
Ra4+ 27. Kb3 Rh4 28. Nxd6 Ba6 29. Rxh3 Rxh3 30. Ne4 Rxh2 31. Nc5 Bxd3 32. Nxd3
d5 33. Nf4 h6 34. Nxd5 Re2 35. Nf4 Rf2 36. Nd3 Re2 37. Nf4 Rf2 38. Nd3 Re2 39.
Kc4 Rxc2+ 40. Kb3 Re2 41. Nf4 Rf2 42. Nd3 Re2 43. Nf4 Rf2 44. Nd3 Re2 45. a3 g6
46. Nf4 Rf2 47. Nxg6 Re2 48. Nf4 Rf2 49. Nd3 Re2 50. Nf4 Rf2 51. Nd3 Re2 52.
Kc4 h5 53. Nf4 Rxb2 54. Kc3 Ra2 55. Kb3 Rf2 56. Nd3 Re2 57. Nf4 Rf2 58. Nd3 Re2
59. Nf4 Rf2 60. a4 Rxf4 61. Kb2 Rxa4 62. Kb3 Ra2 63. Kxa2 h4 64. Kb3 h3 65. Kc3
h2 66. Kb3 h1=Q 67. Kc3 Qb1 68. Kd4 Qc2 69. Ke5 Qb1 70. Kd6 Qc2 71. Ke7 Qb1 72.
Kd6 Qc2 73. Ke7 Qb1 74. Kd6 Qc2 75. Kd5 Qb1 76. Kd6 Qc2 77. Kd5 Qb1 78. Kd6 Qc2
79. Kd5 Qb1 80. Kc4 Qc2+ 81. Kd5 Qb1 82. Kc4 Qc2+ 83. Kd5 Qb1 84. Kc4 Qc2+ 85.
Kb4 Qb1+ 86. Kc4 Qc2+ 87. Kb4 Qb1+ 88. Kc4 Qc2+ 89. Kb4 Qb1+ 90. Ka3 Qc2 91.
Kb4 Qb1+ 92. Ka3 Qc2 93. Kb4 Qb1+ 94. Ka3 Qc2 95. Kb4 Qb1+ 96. Ka3 Qc2 97. Kb4
Qb1+ 98. Ka3 Qc2 99. Kb4 Qb1+ 100. Ka3 Qc2 1/2-1/2
--- stderr ---
Warning: reached move limit (200); terminating early.
[18/20] OK   game=2 result=1-0 (sunfish forfeits due to exception: engine response timed out) winner=skaks (sunfish forfeits due to exception: engine response timed out) time=252.92s
--- stdout ---
Turn 1: skaks plays g1f3
Turn 2: sunfish plays b8c6
Turn 3: skaks plays d2d4
Turn 4: sunfish plays d7d5
Turn 5: skaks plays c2c4
Turn 6: sunfish plays d5c4
Turn 7: skaks plays d4d5
Turn 8: sunfish plays c6b4
Turn 9: skaks plays d1a4
Turn 10: sunfish plays c7c6
Turn 11: skaks plays a4b4
Turn 12: sunfish plays c6d5
Turn 13: skaks plays c1f4
Turn 14: sunfish plays e7e5
Turn 15: skaks plays b4b5
Turn 16: sunfish plays c8d7
Turn 17: skaks plays b5b7
Turn 18: sunfish plays e5f4
Turn 19: skaks plays b1c3
Turn 20: sunfish plays a8b8
Turn 21: skaks plays b7a7
Turn 22: sunfish plays b8b2
Turn 23: skaks plays c3d5
Turn 24: sunfish plays g8f6
Turn 25: skaks plays d5c7
Turn 26: sunfish plays e8e7
Turn 27: skaks plays a7c5
Final position FEN: 3q1b1r/2Nbkppp/5n2/2Q5/2p2p2/5N2/Pr2PPPP/R3KB1R b KQ - 4 14
Result: 1-0 (sunfish forfeits due to exception: engine response timed out)
Winner: skaks (sunfish forfeits due to exception: engine response timed out)
PGN:
[Event "Skaks Validation"]
[Site "Local"]
[Date "2026.01.07"]
[Round "1"]
[White "skaks"]
[Black "sunfish"]
[Result "1-0"]
[Termination "sunfish forfeits due to exception: engine response timed out"]

1. Nf3 Nc6 2. d4 d5 3. c4 dxc4 4. d5 Nb4 5. Qa4+ c6 6. Qxb4 cxd5 7. Bf4 e5 8.
Qb5+ Bd7 9. Qxb7 exf4 10. Nc3 Rb8 11. Qxa7 Rxb2 12. Nxd5 Nf6 13. Nc7+ Ke7 14.
Qc5# 1-0
--- stderr ---
sunfish forfeits due to exception: engine response timed out
[19/20] OK   game=10 result=1-0 (sunfish forfeits due to exception: engine response timed out) winner=skaks (sunfish forfeits due to exception: engine response timed out) time=256.38s
--- stdout ---
Turn 1: skaks plays d2d4
Turn 2: sunfish plays d7d5
Turn 3: skaks plays c2c4
Turn 4: sunfish plays d5c4
Turn 5: skaks plays g1f3
Turn 6: sunfish plays d8d5
Turn 7: skaks plays b1c3
Turn 8: sunfish plays d5f3
Turn 9: skaks plays e2f3
Turn 10: sunfish plays c8e6
Turn 11: skaks plays c1f4
Turn 12: sunfish plays c7c6
Turn 13: skaks plays f1c4
Turn 14: sunfish plays e6c4
Turn 15: skaks plays d1a4
Turn 16: sunfish plays c4d3
Turn 17: skaks plays f4b8
Turn 18: sunfish plays a8b8
Turn 19: skaks plays a4a7
Turn 20: sunfish plays b8d8
Turn 21: skaks plays a7b7
Turn 22: sunfish plays d8d4
Turn 23: skaks plays b7c6
Turn 24: sunfish plays d4d7
Turn 25: skaks plays c6a8
Turn 26: sunfish plays d7d8
Turn 27: skaks plays a8a4
Turn 28: sunfish plays d8d7
Turn 29: skaks plays e1c1
Turn 30: sunfish plays g8f6
Turn 31: skaks plays d1d3
Turn 32: sunfish plays e8d8
Turn 33: skaks plays d3d7
Turn 34: sunfish plays f6d7
Turn 35: skaks plays h1d1
Turn 36: sunfish plays d8c8
Turn 37: skaks plays a4c6
Turn 38: sunfish plays c8b8
Turn 39: skaks plays d1d7
Turn 40: sunfish plays h7h6
Turn 41: skaks plays c6b7
Final position FEN: 1k3b1r/1Q1Rppp1/7p/8/8/2N2P2/PP3PPP/2K5 b - - 1 21
Result: 1-0 (sunfish forfeits due to exception: engine response timed out)
Winner: skaks (sunfish forfeits due to exception: engine response timed out)
PGN:
[Event "Skaks Validation"]
[Site "Local"]
[Date "2026.01.07"]
[Round "1"]
[White "skaks"]
[Black "sunfish"]
[Result "1-0"]
[Termination "sunfish forfeits due to exception: engine response timed out"]

1. d4 d5 2. c4 dxc4 3. Nf3 Qd5 4. Nc3 Qxf3 5. exf3 Be6 6. Bf4 c6 7. Bxc4 Bxc4
8. Qa4 Bd3 9. Bxb8 Rxb8 10. Qxa7 Rd8 11. Qxb7 Rxd4 12. Qxc6+ Rd7 13. Qa8+ Rd8
14. Qa4+ Rd7 15. O-O-O Nf6 16. Rxd3 Kd8 17. Rxd7+ Nxd7 18. Rd1 Kc8 19. Qc6+ Kb8
20. Rxd7 h6 21. Qb7# 1-0
--- stderr ---
sunfish forfeits due to exception: engine response timed out
[20/20] OK   game=12 result=1-0 (sunfish forfeits due to exception: engine response timed out) winner=skaks (sunfish forfeits due to exception: engine response timed out) time=255.71s
--- stdout ---
Turn 1: skaks plays d2d4
Turn 2: sunfish plays d7d5
Turn 3: skaks plays c2c4
Turn 4: sunfish plays d5c4
Turn 5: skaks plays g1f3
Turn 6: sunfish plays d8d5
Turn 7: skaks plays b1c3
Turn 8: sunfish plays d5f3
Turn 9: skaks plays e2f3
Turn 10: sunfish plays c8e6
Turn 11: skaks plays c1f4
Turn 12: sunfish plays c7c6
Turn 13: skaks plays f1c4
Turn 14: sunfish plays e6c4
Turn 15: skaks plays d1a4
Turn 16: sunfish plays c4d3
Turn 17: skaks plays f4b8
Turn 18: sunfish plays a8b8
Turn 19: skaks plays a4a7
Turn 20: sunfish plays b8d8
Turn 21: skaks plays a7b7
Turn 22: sunfish plays d8d4
Turn 23: skaks plays b7c6
Turn 24: sunfish plays d4d7
Turn 25: skaks plays c6a8
Turn 26: sunfish plays d7d8
Turn 27: skaks plays a8a4
Turn 28: sunfish plays d8d7
Turn 29: skaks plays e1c1
Turn 30: sunfish plays e8d8
Turn 31: skaks plays a4f4
Turn 32: sunfish plays g8f6
Turn 33: skaks plays f4b8
Final position FEN: 1Q1k1b1r/3rpppp/5n2/8/8/2Nb1P2/PP3PPP/2KR3R b - - 10 17
Result: 1-0 (sunfish forfeits due to exception: engine response timed out)
Winner: skaks (sunfish forfeits due to exception: engine response timed out)
PGN:
[Event "Skaks Validation"]
[Site "Local"]
[Date "2026.01.07"]
[Round "1"]
[White "skaks"]
[Black "sunfish"]
[Result "1-0"]
[Termination "sunfish forfeits due to exception: engine response timed out"]

1. d4 d5 2. c4 dxc4 3. Nf3 Qd5 4. Nc3 Qxf3 5. exf3 Be6 6. Bf4 c6 7. Bxc4 Bxc4
8. Qa4 Bd3 9. Bxb8 Rxb8 10. Qxa7 Rd8 11. Qxb7 Rxd4 12. Qxc6+ Rd7 13. Qa8+ Rd8
14. Qa4+ Rd7 15. O-O-O Kd8 16. Qf4 Nf6 17. Qb8# 1-0
--- stderr ---
sunfish forfeits due to exception: engine response timed out

SQLite persistence disabled (no --database provided)
Summary: skaks=3, sunfish=5, draw=12, unknown=0
Failures: 0 / 20
Elo: start=2587.4, opp=2600.0, score=9.0/20, expected=9.64, delta=-12.7, new=2574.6
Stored Elo rating at /Users/guillem/work/repos/skaks/skaks_opt/.skaks_elo.json
